Archive member included because of file (symbol)

c:/altera/13.0sp1/nios2eds/bin/gnu/h-i686-mingw32/bin/../lib/gcc/nios2-elf/4.1.2/../../../../nios2-elf/lib/pg\libc.a(lib_a-exit.o)
                              obj/default/draw_line_main.o (exit)
c:/altera/13.0sp1/nios2eds/bin/gnu/h-i686-mingw32/bin/../lib/gcc/nios2-elf/4.1.2/../../../../nios2-elf/lib/pg\libc.a(lib_a-impure.o)
                              c:/altera/13.0sp1/nios2eds/bin/gnu/h-i686-mingw32/bin/../lib/gcc/nios2-elf/4.1.2/../../../../nios2-elf/lib/pg\libc.a(lib_a-exit.o) (_global_impure_ptr)
c:/altera/13.0sp1/nios2eds/bin/gnu/h-i686-mingw32/bin/../lib/gcc/nios2-elf/4.1.2/../../../../nios2-elf/lib/pg\libc.a(lib_a-__call_atexit.o)
                              c:/altera/13.0sp1/nios2eds/bin/gnu/h-i686-mingw32/bin/../lib/gcc/nios2-elf/4.1.2/../../../../nios2-elf/lib/pg\libc.a(lib_a-exit.o) (__call_exitprocs)
../systemesolaire_cpu0_bsp/\libhal_bsp.a(alt_exit.o)
                              c:/altera/13.0sp1/nios2eds/bin/gnu/h-i686-mingw32/bin/../lib/gcc/nios2-elf/4.1.2/../../../../nios2-elf/lib/pg\libc.a(lib_a-exit.o) (_exit)
../systemesolaire_cpu0_bsp/\libhal_bsp.a(alt_gmon.o)
                              ../systemesolaire_cpu0_bsp/\libhal_bsp.a(alt_exit.o) (alt_gmon_data)
../systemesolaire_cpu0_bsp/\libhal_bsp.a(alt_load.o)
                              ../systemesolaire_cpu0_bsp//obj/HAL/src/crt0.o (alt_load)
../systemesolaire_cpu0_bsp/\libhal_bsp.a(alt_main.o)
                              ../systemesolaire_cpu0_bsp//obj/HAL/src/crt0.o (alt_main)
../systemesolaire_cpu0_bsp/\libhal_bsp.a(alt_mcount.o)
                              obj/default/draw_line_main.o (_mcount)
../systemesolaire_cpu0_bsp/\libhal_bsp.a(alt_sbrk.o)
                              ../systemesolaire_cpu0_bsp/\libhal_bsp.a(alt_gmon.o) (sbrk)
../systemesolaire_cpu0_bsp/\libhal_bsp.a(alt_tick.o)
                              ../systemesolaire_cpu0_bsp/\libhal_bsp.a(alt_gmon.o) (_alt_tick_rate)
../systemesolaire_cpu0_bsp/\libhal_bsp.a(alt_sys_init.o)
                              ../systemesolaire_cpu0_bsp/\libhal_bsp.a(alt_main.o) (alt_sys_init)
../systemesolaire_cpu0_bsp/\libhal_bsp.a(altera_avalon_jtag_uart_fd.o)
                              ../systemesolaire_cpu0_bsp/\libhal_bsp.a(alt_sys_init.o) (altera_avalon_jtag_uart_ioctl_fd)
../systemesolaire_cpu0_bsp/\libhal_bsp.a(altera_avalon_jtag_uart_init.o)
                              ../systemesolaire_cpu0_bsp/\libhal_bsp.a(altera_avalon_jtag_uart_fd.o) (altera_avalon_jtag_uart_close)
../systemesolaire_cpu0_bsp/\libhal_bsp.a(altera_avalon_jtag_uart_ioctl.o)
                              ../systemesolaire_cpu0_bsp/\libhal_bsp.a(altera_avalon_jtag_uart_fd.o) (altera_avalon_jtag_uart_ioctl)
../systemesolaire_cpu0_bsp/\libhal_bsp.a(altera_avalon_jtag_uart_read.o)
                              ../systemesolaire_cpu0_bsp/\libhal_bsp.a(altera_avalon_jtag_uart_fd.o) (altera_avalon_jtag_uart_read)
../systemesolaire_cpu0_bsp/\libhal_bsp.a(altera_avalon_jtag_uart_write.o)
                              ../systemesolaire_cpu0_bsp/\libhal_bsp.a(altera_avalon_jtag_uart_fd.o) (altera_avalon_jtag_uart_write)
../systemesolaire_cpu0_bsp/\libhal_bsp.a(altera_avalon_timer_sc.o)
                              ../systemesolaire_cpu0_bsp/\libhal_bsp.a(alt_sys_init.o) (alt_avalon_timer_sc_init)
../systemesolaire_cpu0_bsp/\libhal_bsp.a(altera_avalon_timer_vars.o)
                              ../systemesolaire_cpu0_bsp/\libhal_bsp.a(alt_sys_init.o) (altera_avalon_timer_ts_base)
../systemesolaire_cpu0_bsp/\libhal_bsp.a(alt_alarm_start.o)
                              ../systemesolaire_cpu0_bsp/\libhal_bsp.a(alt_gmon.o) (alt_alarm_start)
../systemesolaire_cpu0_bsp/\libhal_bsp.a(alt_close.o)
                              ../systemesolaire_cpu0_bsp/\libhal_bsp.a(alt_main.o) (close)
../systemesolaire_cpu0_bsp/\libhal_bsp.a(alt_dcache_flush_all.o)
                              ../systemesolaire_cpu0_bsp/\libhal_bsp.a(alt_load.o) (alt_dcache_flush_all)
../systemesolaire_cpu0_bsp/\libhal_bsp.a(alt_dev.o)
                              ../systemesolaire_cpu0_bsp/\libhal_bsp.a(alt_sys_init.o) (alt_dev_list)
../systemesolaire_cpu0_bsp/\libhal_bsp.a(alt_dev_llist_insert.o)
                              ../systemesolaire_cpu0_bsp/\libhal_bsp.a(alt_sys_init.o) (alt_dev_llist_insert)
../systemesolaire_cpu0_bsp/\libhal_bsp.a(alt_errno.o)
                              ../systemesolaire_cpu0_bsp/\libhal_bsp.a(alt_close.o) (alt_errno)
../systemesolaire_cpu0_bsp/\libhal_bsp.a(alt_icache_flush_all.o)
                              ../systemesolaire_cpu0_bsp/\libhal_bsp.a(alt_load.o) (alt_icache_flush_all)
../systemesolaire_cpu0_bsp/\libhal_bsp.a(alt_iic.o)
                              ../systemesolaire_cpu0_bsp/\libhal_bsp.a(altera_avalon_jtag_uart_init.o) (alt_ic_isr_register)
../systemesolaire_cpu0_bsp/\libhal_bsp.a(alt_iic_isr_register.o)
                              ../systemesolaire_cpu0_bsp/\libhal_bsp.a(alt_iic.o) (alt_iic_isr_register)
../systemesolaire_cpu0_bsp/\libhal_bsp.a(alt_io_redirect.o)
                              ../systemesolaire_cpu0_bsp/\libhal_bsp.a(alt_main.o) (alt_io_redirect)
../systemesolaire_cpu0_bsp/\libhal_bsp.a(alt_irq_entry.o)
                              ../systemesolaire_cpu0_bsp/\libhal_bsp.a(alt_iic_isr_register.o) (alt_irq_entry)
../systemesolaire_cpu0_bsp/\libhal_bsp.a(alt_irq_handler.o)
                              ../systemesolaire_cpu0_bsp/\libhal_bsp.a(alt_iic_isr_register.o) (alt_irq_handler)
../systemesolaire_cpu0_bsp/\libhal_bsp.a(alt_irq_vars.o)
                              ../systemesolaire_cpu0_bsp/\libhal_bsp.a(alt_iic.o) (alt_irq_active)
../systemesolaire_cpu0_bsp/\libhal_bsp.a(alt_open.o)
                              ../systemesolaire_cpu0_bsp/\libhal_bsp.a(alt_io_redirect.o) (open)
../systemesolaire_cpu0_bsp/\libhal_bsp.a(alt_release_fd.o)
                              ../systemesolaire_cpu0_bsp/\libhal_bsp.a(alt_close.o) (alt_release_fd)
../systemesolaire_cpu0_bsp/\libhal_bsp.a(altera_nios2_qsys_irq.o)
                              ../systemesolaire_cpu0_bsp/\libhal_bsp.a(alt_sys_init.o) (altera_nios2_qsys_irq_init)
../systemesolaire_cpu0_bsp/\libhal_bsp.a(alt_exception_entry.o)
                              ../systemesolaire_cpu0_bsp/\libhal_bsp.a(alt_irq_entry.o) (alt_exception)
../systemesolaire_cpu0_bsp/\libhal_bsp.a(alt_find_dev.o)
                              ../systemesolaire_cpu0_bsp/\libhal_bsp.a(alt_open.o) (alt_find_dev)
../systemesolaire_cpu0_bsp/\libhal_bsp.a(alt_find_file.o)
                              ../systemesolaire_cpu0_bsp/\libhal_bsp.a(alt_open.o) (alt_find_file)
../systemesolaire_cpu0_bsp/\libhal_bsp.a(alt_get_fd.o)
                              ../systemesolaire_cpu0_bsp/\libhal_bsp.a(alt_open.o) (alt_get_fd)
../systemesolaire_cpu0_bsp/\libhal_bsp.a(alt_icache_flush.o)
                              ../systemesolaire_cpu0_bsp/\libhal_bsp.a(alt_icache_flush_all.o) (alt_icache_flush)
c:/altera/13.0sp1/nios2eds/bin/gnu/h-i686-mingw32/bin/../lib/gcc/nios2-elf/4.1.2/../../../../nios2-elf/lib/pg\libc.a(lib_a-int_errno.o)
                              ../systemesolaire_cpu0_bsp/\libhal_bsp.a(alt_close.o) (errno)
c:/altera/13.0sp1/nios2eds/bin/gnu/h-i686-mingw32/bin/../lib/gcc/nios2-elf/4.1.2/../../../../nios2-elf/lib/pg\libc.a(lib_a-memcmp.o)
                              ../systemesolaire_cpu0_bsp/\libhal_bsp.a(alt_find_dev.o) (memcmp)
c:/altera/13.0sp1/nios2eds/bin/gnu/h-i686-mingw32/bin/../lib/gcc/nios2-elf/4.1.2/../../../../nios2-elf/lib/pg\libc.a(lib_a-memcpy.o)
                              ../systemesolaire_cpu0_bsp/\libhal_bsp.a(altera_avalon_jtag_uart_read.o) (memcpy)
c:/altera/13.0sp1/nios2eds/bin/gnu/h-i686-mingw32/bin/../lib/gcc/nios2-elf/4.1.2/../../../../nios2-elf/lib/pg\libc.a(lib_a-memset.o)
                              ../systemesolaire_cpu0_bsp/\libhal_bsp.a(alt_gmon.o) (memset)
c:/altera/13.0sp1/nios2eds/bin/gnu/h-i686-mingw32/bin/../lib/gcc/nios2-elf/4.1.2/../../../../nios2-elf/lib/pg\libc.a(lib_a-strlen.o)
                              ../systemesolaire_cpu0_bsp/\libhal_bsp.a(alt_find_dev.o) (strlen)

Allocating common symbols
Common symbol       size              file

alt_irq             0x100             ../systemesolaire_cpu0_bsp/\libhal_bsp.a(alt_irq_handler.o)
errno               0x4               c:/altera/13.0sp1/nios2eds/bin/gnu/h-i686-mingw32/bin/../lib/gcc/nios2-elf/4.1.2/../../../../nios2-elf/lib/pg\libc.a(lib_a-int_errno.o)
__mcount_fn_head    0x100             ../systemesolaire_cpu0_bsp/\libhal_bsp.a(alt_gmon.o)

Memory Configuration

Name             Origin             Length             Attributes
reset            0x00800000         0x00000020
new_sdram_controller_0 0x00800020         0x007fffe0
*default*        0x00000000         0xffffffff

Linker script and memory map

LOAD ../systemesolaire_cpu0_bsp//obj/HAL/src/crt0.o
LOAD obj/default/draw_line_main.o
LOAD c:/altera/13.0sp1/nios2eds/bin/gnu/h-i686-mingw32/bin/../lib/gcc/nios2-elf/4.1.2/../../../../nios2-elf/lib/pg\libstdc++.a
LOAD c:/altera/13.0sp1/nios2eds/bin/gnu/h-i686-mingw32/bin/../lib/gcc/nios2-elf/4.1.2/../../../../nios2-elf/lib/pg\libm.a
LOAD c:/altera/13.0sp1/nios2eds/bin/gnu/h-i686-mingw32/bin/../lib/gcc/nios2-elf/4.1.2/pg\libgcc.a
START GROUP
LOAD c:/altera/13.0sp1/nios2eds/bin/gnu/h-i686-mingw32/bin/../lib/gcc/nios2-elf/4.1.2/../../../../nios2-elf/lib/pg\libc.a
LOAD c:/altera/13.0sp1/nios2eds/bin/gnu/h-i686-mingw32/bin/../lib/gcc/nios2-elf/4.1.2/pg\libgcc.a
LOAD ../systemesolaire_cpu0_bsp/\libhal_bsp.a
END GROUP
LOAD c:/altera/13.0sp1/nios2eds/bin/gnu/h-i686-mingw32/bin/../lib/gcc/nios2-elf/4.1.2/pg\libgcc.a
                0x00800000                __alt_mem_new_sdram_controller_0 = 0x800000

.entry          0x00800000       0x20
 *(.entry)
 .entry         0x00800000       0x20 ../systemesolaire_cpu0_bsp//obj/HAL/src/crt0.o
                0x00800000                __reset

.exceptions     0x00800020      0x170
                0x00800020                PROVIDE (__ram_exceptions_start, ABSOLUTE (.))
                0x00800020                . = ALIGN (0x20)
 *(.irq)
 *(.exceptions.entry.label)
 .exceptions.entry.label
                0x00800020        0x0 ../systemesolaire_cpu0_bsp/\libhal_bsp.a(alt_irq_entry.o)
                0x00800020                alt_irq_entry
 .exceptions.entry.label
                0x00800020        0x0 ../systemesolaire_cpu0_bsp/\libhal_bsp.a(alt_exception_entry.o)
                0x00800020                alt_exception
 *(.exceptions.entry.user)
 *(.exceptions.entry)
 .exceptions.entry
                0x00800020       0x54 ../systemesolaire_cpu0_bsp/\libhal_bsp.a(alt_exception_entry.o)
 *(.exceptions.irqtest.user)
 *(.exceptions.irqtest)
 .exceptions.irqtest
                0x00800074       0x10 ../systemesolaire_cpu0_bsp/\libhal_bsp.a(alt_irq_entry.o)
 *(.exceptions.irqhandler.user)
 *(.exceptions.irqhandler)
 .exceptions.irqhandler
                0x00800084        0x4 ../systemesolaire_cpu0_bsp/\libhal_bsp.a(alt_irq_entry.o)
 *(.exceptions.irqreturn.user)
 *(.exceptions.irqreturn)
 .exceptions.irqreturn
                0x00800088        0x4 ../systemesolaire_cpu0_bsp/\libhal_bsp.a(alt_irq_entry.o)
 *(.exceptions.notirq.label)
 .exceptions.notirq.label
                0x0080008c        0x0 ../systemesolaire_cpu0_bsp/\libhal_bsp.a(alt_irq_entry.o)
 *(.exceptions.notirq.user)
 *(.exceptions.notirq)
 .exceptions.notirq
                0x0080008c        0x8 ../systemesolaire_cpu0_bsp/\libhal_bsp.a(alt_exception_entry.o)
 *(.exceptions.soft.user)
 *(.exceptions.soft)
 *(.exceptions.unknown.user)
 *(.exceptions.unknown)
 .exceptions.unknown
                0x00800094        0x4 ../systemesolaire_cpu0_bsp/\libhal_bsp.a(alt_exception_entry.o)
 *(.exceptions.exit.label)
 .exceptions.exit.label
                0x00800098        0x0 ../systemesolaire_cpu0_bsp/\libhal_bsp.a(alt_irq_entry.o)
 .exceptions.exit.label
                0x00800098        0x0 ../systemesolaire_cpu0_bsp/\libhal_bsp.a(alt_exception_entry.o)
 *(.exceptions.exit.user)
 *(.exceptions.exit)
 .exceptions.exit
                0x00800098       0x54 ../systemesolaire_cpu0_bsp/\libhal_bsp.a(alt_exception_entry.o)
 *(.exceptions)
 .exceptions    0x008000ec       0xa4 ../systemesolaire_cpu0_bsp/\libhal_bsp.a(alt_irq_handler.o)
                0x008000ec                alt_irq_handler
                0x00800190                PROVIDE (__ram_exceptions_end, ABSOLUTE (.))
                0x00800020                PROVIDE (__flash_exceptions_start, LOADADDR (.exceptions))

.text           0x00800190     0x1e50
                0x00800190                PROVIDE (stext, ABSOLUTE (.))
 *(.interp)
 *(.hash)
 *(.dynsym)
 *(.dynstr)
 *(.gnu.version)
 *(.gnu.version_d)
 *(.gnu.version_r)
 *(.rel.init)
 *(.rela.init)
 *(.rel.text .rel.text.* .rel.gnu.linkonce.t.*)
 *(.rela.text .rela.text.* .rela.gnu.linkonce.t.*)
 *(.rel.fini)
 *(.rela.fini)
 *(.rel.rodata .rel.rodata.* .rel.gnu.linkonce.r.*)
 *(.rela.rodata .rela.rodata.* .rela.gnu.linkonce.r.*)
 *(.rel.data .rel.data.* .rel.gnu.linkonce.d.*)
 *(.rela.data .rela.data.* .rela.gnu.linkonce.d.*)
 *(.rel.tdata .rel.tdata.* .rel.gnu.linkonce.td.*)
 *(.rela.tdata .rela.tdata.* .rela.gnu.linkonce.td.*)
 *(.rel.tbss .rel.tbss.* .rel.gnu.linkonce.tb.*)
 *(.rela.tbss .rela.tbss.* .rela.gnu.linkonce.tb.*)
 *(.rel.ctors)
 *(.rela.ctors)
 *(.rel.dtors)
 *(.rela.dtors)
 *(.rel.got)
 *(.rela.got)
 *(.rel.sdata .rel.sdata.* .rel.gnu.linkonce.s.*)
 *(.rela.sdata .rela.sdata.* .rela.gnu.linkonce.s.*)
 *(.rel.sbss .rel.sbss.* .rel.gnu.linkonce.sb.*)
 *(.rela.sbss .rela.sbss.* .rela.gnu.linkonce.sb.*)
 *(.rel.sdata2 .rel.sdata2.* .rel.gnu.linkonce.s2.*)
 *(.rela.sdata2 .rela.sdata2.* .rela.gnu.linkonce.s2.*)
 *(.rel.sbss2 .rel.sbss2.* .rel.gnu.linkonce.sb2.*)
 *(.rela.sbss2 .rela.sbss2.* .rela.gnu.linkonce.sb2.*)
 *(.rel.bss .rel.bss.* .rel.gnu.linkonce.b.*)
 *(.rela.bss .rela.bss.* .rela.gnu.linkonce.b.*)
 *(.rel.plt)
 *(.rela.plt)
 *(.rel.dyn)
 *(.init)
 *(.plt)
 *(.text .stub .text.* .gnu.linkonce.t.*)
 .text          0x00800190       0x4c ../systemesolaire_cpu0_bsp//obj/HAL/src/crt0.o
                0x00800190                _start
 .text          0x008001dc      0x3ac obj/default/draw_line_main.o
                0x008001dc                abs
                0x00800200                swap
                0x00800220                ecran2d_setPixel
                0x00800250                ecran2d_clear
                0x00800298                ss_orbit_line_draw
                0x00800438                draw_cross
                0x008004ec                main
 .text          0x00800588       0x44 c:/altera/13.0sp1/nios2eds/bin/gnu/h-i686-mingw32/bin/../lib/gcc/nios2-elf/4.1.2/../../../../nios2-elf/lib/pg\libc.a(lib_a-exit.o)
                0x00800588                exit
 .text          0x008005cc        0x0 c:/altera/13.0sp1/nios2eds/bin/gnu/h-i686-mingw32/bin/../lib/gcc/nios2-elf/4.1.2/../../../../nios2-elf/lib/pg\libc.a(lib_a-impure.o)
 .text          0x008005cc      0x1cc c:/altera/13.0sp1/nios2eds/bin/gnu/h-i686-mingw32/bin/../lib/gcc/nios2-elf/4.1.2/../../../../nios2-elf/lib/pg\libc.a(lib_a-__call_atexit.o)
                0x008005dc                __call_exitprocs
 .text          0x00800798       0x48 ../systemesolaire_cpu0_bsp/\libhal_bsp.a(alt_exit.o)
                0x00800798                _exit
 .text          0x008007e0      0x1f0 ../systemesolaire_cpu0_bsp/\libhal_bsp.a(alt_gmon.o)
                0x00800828                __mcount_record
 .text          0x008009d0       0xc0 ../systemesolaire_cpu0_bsp/\libhal_bsp.a(alt_load.o)
                0x008009d0                alt_load
 .text          0x00800a90       0x5c ../systemesolaire_cpu0_bsp/\libhal_bsp.a(alt_main.o)
                0x00800a90                alt_main
 .text          0x00800aec       0x9c ../systemesolaire_cpu0_bsp/\libhal_bsp.a(alt_mcount.o)
                0x00800aec                _mcount
                0x00800aec                mcount
 .text          0x00800b88       0x54 ../systemesolaire_cpu0_bsp/\libhal_bsp.a(alt_sbrk.o)
                0x00800b88                sbrk
 .text          0x00800bdc      0x134 ../systemesolaire_cpu0_bsp/\libhal_bsp.a(alt_tick.o)
                0x00800bdc                alt_alarm_stop
                0x00800c1c                alt_tick
 .text          0x00800d10       0xb8 ../systemesolaire_cpu0_bsp/\libhal_bsp.a(alt_sys_init.o)
                0x00800d10                alt_sys_init
                0x00800d9c                alt_irq_init
 .text          0x00800dc8       0x6c ../systemesolaire_cpu0_bsp/\libhal_bsp.a(altera_avalon_jtag_uart_fd.o)
                0x00800dc8                altera_avalon_jtag_uart_ioctl_fd
                0x00800de0                altera_avalon_jtag_uart_close_fd
                0x00800dfc                altera_avalon_jtag_uart_write_fd
                0x00800e18                altera_avalon_jtag_uart_read_fd
 .text          0x00800e34      0x258 ../systemesolaire_cpu0_bsp/\libhal_bsp.a(altera_avalon_jtag_uart_init.o)
                0x00800e34                altera_avalon_jtag_uart_close
                0x00800eec                altera_avalon_jtag_uart_init
 .text          0x0080108c       0x94 ../systemesolaire_cpu0_bsp/\libhal_bsp.a(altera_avalon_jtag_uart_ioctl.o)
                0x0080108c                altera_avalon_jtag_uart_ioctl
 .text          0x00801120      0x178 ../systemesolaire_cpu0_bsp/\libhal_bsp.a(altera_avalon_jtag_uart_read.o)
                0x00801120                altera_avalon_jtag_uart_read
 .text          0x00801298      0x190 ../systemesolaire_cpu0_bsp/\libhal_bsp.a(altera_avalon_jtag_uart_write.o)
                0x00801298                altera_avalon_jtag_uart_write
 .text          0x00801428       0xa4 ../systemesolaire_cpu0_bsp/\libhal_bsp.a(altera_avalon_timer_sc.o)
                0x00801428                alt_avalon_timer_sc_init
 .text          0x008014cc        0x0 ../systemesolaire_cpu0_bsp/\libhal_bsp.a(altera_avalon_timer_vars.o)
 .text          0x008014cc       0xa0 ../systemesolaire_cpu0_bsp/\libhal_bsp.a(alt_alarm_start.o)
                0x008014cc                alt_alarm_start
 .text          0x0080156c       0xfc ../systemesolaire_cpu0_bsp/\libhal_bsp.a(alt_close.o)
                0x0080156c                close
 .text          0x00801668       0x24 ../systemesolaire_cpu0_bsp/\libhal_bsp.a(alt_dcache_flush_all.o)
                0x00801668                alt_dcache_flush_all
 .text          0x0080168c       0x14 ../systemesolaire_cpu0_bsp/\libhal_bsp.a(alt_dev.o)
 .text          0x008016a0       0x88 ../systemesolaire_cpu0_bsp/\libhal_bsp.a(alt_dev_llist_insert.o)
                0x008016a0                alt_dev_llist_insert
 .text          0x00801728        0x0 ../systemesolaire_cpu0_bsp/\libhal_bsp.a(alt_errno.o)
 .text          0x00801728       0x18 ../systemesolaire_cpu0_bsp/\libhal_bsp.a(alt_icache_flush_all.o)
                0x00801728                alt_icache_flush_all
 .text          0x00801740       0xcc ../systemesolaire_cpu0_bsp/\libhal_bsp.a(alt_iic.o)
                0x00801740                alt_ic_irq_enabled
                0x00801764                alt_ic_irq_enable
                0x008017b0                alt_ic_irq_disable
                0x008017fc                alt_ic_isr_register
 .text          0x0080180c       0x94 ../systemesolaire_cpu0_bsp/\libhal_bsp.a(alt_iic_isr_register.o)
                0x0080180c                alt_iic_isr_register
 .text          0x008018a0      0x110 ../systemesolaire_cpu0_bsp/\libhal_bsp.a(alt_io_redirect.o)
                0x008018a0                alt_io_redirect
 .text          0x008019b0        0x0 ../systemesolaire_cpu0_bsp/\libhal_bsp.a(alt_irq_entry.o)
 .text          0x008019b0        0x0 ../systemesolaire_cpu0_bsp/\libhal_bsp.a(alt_irq_handler.o)
 .text          0x008019b0        0x0 ../systemesolaire_cpu0_bsp/\libhal_bsp.a(alt_irq_vars.o)
 .text          0x008019b0      0x18c ../systemesolaire_cpu0_bsp/\libhal_bsp.a(alt_open.o)
                0x008019b0                open
 .text          0x00801b3c       0x30 ../systemesolaire_cpu0_bsp/\libhal_bsp.a(alt_release_fd.o)
                0x00801b3c                alt_release_fd
 .text          0x00801b6c       0x14 ../systemesolaire_cpu0_bsp/\libhal_bsp.a(altera_nios2_qsys_irq.o)
                0x00801b6c                altera_nios2_qsys_irq_init
 .text          0x00801b80        0x0 ../systemesolaire_cpu0_bsp/\libhal_bsp.a(alt_exception_entry.o)
 .text          0x00801b80       0xa0 ../systemesolaire_cpu0_bsp/\libhal_bsp.a(alt_find_dev.o)
                0x00801b80                alt_find_dev
 .text          0x00801c20       0xbc ../systemesolaire_cpu0_bsp/\libhal_bsp.a(alt_find_file.o)
                0x00801c20                alt_find_file
 .text          0x00801cdc       0x6c ../systemesolaire_cpu0_bsp/\libhal_bsp.a(alt_get_fd.o)
                0x00801cdc                alt_get_fd
 .text          0x00801d48       0x44 ../systemesolaire_cpu0_bsp/\libhal_bsp.a(alt_icache_flush.o)
                0x00801d48                alt_icache_flush
 .text          0x00801d8c        0x0 c:/altera/13.0sp1/nios2eds/bin/gnu/h-i686-mingw32/bin/../lib/gcc/nios2-elf/4.1.2/../../../../nios2-elf/lib/pg\libc.a(lib_a-int_errno.o)
 .text          0x00801d8c       0x80 c:/altera/13.0sp1/nios2eds/bin/gnu/h-i686-mingw32/bin/../lib/gcc/nios2-elf/4.1.2/../../../../nios2-elf/lib/pg\libc.a(lib_a-memcmp.o)
                0x00801d8c                memcmp
 .text          0x00801e0c       0xac c:/altera/13.0sp1/nios2eds/bin/gnu/h-i686-mingw32/bin/../lib/gcc/nios2-elf/4.1.2/../../../../nios2-elf/lib/pg\libc.a(lib_a-memcpy.o)
                0x00801e0c                memcpy
 .text          0x00801eb8       0xa4 c:/altera/13.0sp1/nios2eds/bin/gnu/h-i686-mingw32/bin/../lib/gcc/nios2-elf/4.1.2/../../../../nios2-elf/lib/pg\libc.a(lib_a-memset.o)
                0x00801eb8                memset
 .text          0x00801f5c       0x80 c:/altera/13.0sp1/nios2eds/bin/gnu/h-i686-mingw32/bin/../lib/gcc/nios2-elf/4.1.2/../../../../nios2-elf/lib/pg\libc.a(lib_a-strlen.o)
                0x00801f5c                strlen
 *(.gnu.warning.*)
 *(.fini)
                0x00801fdc                PROVIDE (__etext, ABSOLUTE (.))
                0x00801fdc                PROVIDE (_etext, ABSOLUTE (.))
                0x00801fdc                PROVIDE (etext, ABSOLUTE (.))
 *(.eh_frame_hdr)
                0x00801fdc                . = ALIGN (0x4)
                0x00801fdc                PROVIDE (__preinit_array_start, ABSOLUTE (.))
 *(.preinit_array)
                0x00801fdc                PROVIDE (__preinit_array_end, ABSOLUTE (.))
                0x00801fdc                PROVIDE (__init_array_start, ABSOLUTE (.))
 *(.init_array)
                0x00801fdc                PROVIDE (__init_array_end, ABSOLUTE (.))
                0x00801fdc                PROVIDE (__fini_array_start, ABSOLUTE (.))
 *(.fini_array)
                0x00801fdc                PROVIDE (__fini_array_end, ABSOLUTE (.))
 *(.eh_frame)
 *(.gcc_except_table)
 *(.dynamic)
                0x00801fdc                PROVIDE (__CTOR_LIST__, ABSOLUTE (.))
 *(.ctors)
 *(SORT(.ctors.*))
 .ctors.65535   0x00801fdc        0x4 c:/altera/13.0sp1/nios2eds/bin/gnu/h-i686-mingw32/bin/../lib/gcc/nios2-elf/4.1.2/../../../../nios2-elf/lib/pg\libc.a(lib_a-__call_atexit.o)
                0x00801fe0                PROVIDE (__CTOR_END__, ABSOLUTE (.))
                0x00801fe0                PROVIDE (__DTOR_LIST__, ABSOLUTE (.))
 *(.dtors)
 *(SORT(.dtors.*))
                0x00801fe0                PROVIDE (__DTOR_END__, ABSOLUTE (.))
 *(.jcr)
                0x00801fe0                . = ALIGN (0x4)

.rodata         0x00801fe0       0x24
                0x00801fe0                PROVIDE (__ram_rodata_start, ABSOLUTE (.))
                0x00801fe0                . = ALIGN (0x4)
 *(.rodata .rodata.* .gnu.linkonce.r.*)
 .rodata.str1.4
                0x00801fe0        0x2 c:/altera/13.0sp1/nios2eds/bin/gnu/h-i686-mingw32/bin/../lib/gcc/nios2-elf/4.1.2/../../../../nios2-elf/lib/pg\libc.a(lib_a-impure.o)
                                  0x4 (size before relaxing)
 *fill*         0x00801fe2        0x2 00
 .rodata.str1.4
                0x00801fe4       0x11 ../systemesolaire_cpu0_bsp/\libhal_bsp.a(alt_main.o)
                                 0x14 (size before relaxing)
 .rodata.str1.4
                0x00000000       0x14 ../systemesolaire_cpu0_bsp/\libhal_bsp.a(alt_sys_init.o)
 *fill*         0x00801ff5        0x3 00
 .rodata.str1.4
                0x00801ff8        0xc ../systemesolaire_cpu0_bsp/\libhal_bsp.a(alt_dev.o)
 *(.rodata1)
                0x00802004                . = ALIGN (0x4)
                0x00802004                PROVIDE (__ram_rodata_end, ABSOLUTE (.))
                0x00801fe0                PROVIDE (__flash_rodata_start, LOADADDR (.rodata))

.rwdata         0x00802004     0x1660 load address 0x00803664
                0x00802004                PROVIDE (__ram_rwdata_start, ABSOLUTE (.))
                0x00802004                . = ALIGN (0x4)
 *(.got.plt)
 *(.got)
 *(.data1)
 *(.data .data.* .gnu.linkonce.d.*)
 .data          0x00802004        0x0 ../systemesolaire_cpu0_bsp//obj/HAL/src/crt0.o
 .data          0x00802004        0x0 obj/default/draw_line_main.o
 .data          0x00802004        0x0 c:/altera/13.0sp1/nios2eds/bin/gnu/h-i686-mingw32/bin/../lib/gcc/nios2-elf/4.1.2/../../../../nios2-elf/lib/pg\libc.a(lib_a-exit.o)
 .data          0x00802004      0x400 c:/altera/13.0sp1/nios2eds/bin/gnu/h-i686-mingw32/bin/../lib/gcc/nios2-elf/4.1.2/../../../../nios2-elf/lib/pg\libc.a(lib_a-impure.o)
 .data          0x00802404        0x0 c:/altera/13.0sp1/nios2eds/bin/gnu/h-i686-mingw32/bin/../lib/gcc/nios2-elf/4.1.2/../../../../nios2-elf/lib/pg\libc.a(lib_a-__call_atexit.o)
 .data          0x00802404        0x0 ../systemesolaire_cpu0_bsp/\libhal_bsp.a(alt_exit.o)
 .data          0x00802404       0x24 ../systemesolaire_cpu0_bsp/\libhal_bsp.a(alt_gmon.o)
                0x00802404                alt_gmon_data
 .data          0x00802428        0x0 ../systemesolaire_cpu0_bsp/\libhal_bsp.a(alt_load.o)
 .data          0x00802428        0x0 ../systemesolaire_cpu0_bsp/\libhal_bsp.a(alt_main.o)
 .data          0x00802428        0x0 ../systemesolaire_cpu0_bsp/\libhal_bsp.a(alt_mcount.o)
 .data          0x00802428        0x0 ../systemesolaire_cpu0_bsp/\libhal_bsp.a(alt_sbrk.o)
 .data          0x00802428        0x0 ../systemesolaire_cpu0_bsp/\libhal_bsp.a(alt_tick.o)
 .data          0x00802428     0x1060 ../systemesolaire_cpu0_bsp/\libhal_bsp.a(alt_sys_init.o)
 .data          0x00803488        0x0 ../systemesolaire_cpu0_bsp/\libhal_bsp.a(altera_avalon_jtag_uart_fd.o)
 .data          0x00803488        0x0 ../systemesolaire_cpu0_bsp/\libhal_bsp.a(altera_avalon_jtag_uart_init.o)
 .data          0x00803488        0x0 ../systemesolaire_cpu0_bsp/\libhal_bsp.a(altera_avalon_jtag_uart_ioctl.o)
 .data          0x00803488        0x0 ../systemesolaire_cpu0_bsp/\libhal_bsp.a(altera_avalon_jtag_uart_read.o)
 .data          0x00803488        0x0 ../systemesolaire_cpu0_bsp/\libhal_bsp.a(altera_avalon_jtag_uart_write.o)
 .data          0x00803488        0x0 ../systemesolaire_cpu0_bsp/\libhal_bsp.a(altera_avalon_timer_sc.o)
 .data          0x00803488        0x0 ../systemesolaire_cpu0_bsp/\libhal_bsp.a(altera_avalon_timer_vars.o)
 .data          0x00803488        0x0 ../systemesolaire_cpu0_bsp/\libhal_bsp.a(alt_alarm_start.o)
 .data          0x00803488        0x0 ../systemesolaire_cpu0_bsp/\libhal_bsp.a(alt_close.o)
 .data          0x00803488        0x0 ../systemesolaire_cpu0_bsp/\libhal_bsp.a(alt_dcache_flush_all.o)
 .data          0x00803488      0x1a8 ../systemesolaire_cpu0_bsp/\libhal_bsp.a(alt_dev.o)
                0x00803488                alt_dev_null
                0x008034b0                alt_fd_list
 .data          0x00803630        0x0 ../systemesolaire_cpu0_bsp/\libhal_bsp.a(alt_dev_llist_insert.o)
 .data          0x00803630        0x0 ../systemesolaire_cpu0_bsp/\libhal_bsp.a(alt_errno.o)
 .data          0x00803630        0x0 ../systemesolaire_cpu0_bsp/\libhal_bsp.a(alt_icache_flush_all.o)
 .data          0x00803630        0x0 ../systemesolaire_cpu0_bsp/\libhal_bsp.a(alt_iic.o)
 .data          0x00803630        0x0 ../systemesolaire_cpu0_bsp/\libhal_bsp.a(alt_iic_isr_register.o)
 .data          0x00803630        0x0 ../systemesolaire_cpu0_bsp/\libhal_bsp.a(alt_io_redirect.o)
 .data          0x00803630        0x0 ../systemesolaire_cpu0_bsp/\libhal_bsp.a(alt_irq_entry.o)
 .data          0x00803630        0x0 ../systemesolaire_cpu0_bsp/\libhal_bsp.a(alt_irq_handler.o)
 .data          0x00803630        0x0 ../systemesolaire_cpu0_bsp/\libhal_bsp.a(alt_irq_vars.o)
 .data          0x00803630        0x0 ../systemesolaire_cpu0_bsp/\libhal_bsp.a(alt_open.o)
 .data          0x00803630        0x0 ../systemesolaire_cpu0_bsp/\libhal_bsp.a(alt_release_fd.o)
 .data          0x00803630        0x0 ../systemesolaire_cpu0_bsp/\libhal_bsp.a(altera_nios2_qsys_irq.o)
 .data          0x00803630        0x0 ../systemesolaire_cpu0_bsp/\libhal_bsp.a(alt_exception_entry.o)
 .data          0x00803630        0x0 ../systemesolaire_cpu0_bsp/\libhal_bsp.a(alt_find_dev.o)
 .data          0x00803630        0x0 ../systemesolaire_cpu0_bsp/\libhal_bsp.a(alt_find_file.o)
 .data          0x00803630        0x0 ../systemesolaire_cpu0_bsp/\libhal_bsp.a(alt_get_fd.o)
 .data          0x00803630        0x0 ../systemesolaire_cpu0_bsp/\libhal_bsp.a(alt_icache_flush.o)
 .data          0x00803630        0x0 c:/altera/13.0sp1/nios2eds/bin/gnu/h-i686-mingw32/bin/../lib/gcc/nios2-elf/4.1.2/../../../../nios2-elf/lib/pg\libc.a(lib_a-int_errno.o)
 .data          0x00803630        0x0 c:/altera/13.0sp1/nios2eds/bin/gnu/h-i686-mingw32/bin/../lib/gcc/nios2-elf/4.1.2/../../../../nios2-elf/lib/pg\libc.a(lib_a-memcmp.o)
 .data          0x00803630        0x0 c:/altera/13.0sp1/nios2eds/bin/gnu/h-i686-mingw32/bin/../lib/gcc/nios2-elf/4.1.2/../../../../nios2-elf/lib/pg\libc.a(lib_a-memcpy.o)
 .data          0x00803630        0x0 c:/altera/13.0sp1/nios2eds/bin/gnu/h-i686-mingw32/bin/../lib/gcc/nios2-elf/4.1.2/../../../../nios2-elf/lib/pg\libc.a(lib_a-memset.o)
 .data          0x00803630        0x0 c:/altera/13.0sp1/nios2eds/bin/gnu/h-i686-mingw32/bin/../lib/gcc/nios2-elf/4.1.2/../../../../nios2-elf/lib/pg\libc.a(lib_a-strlen.o)
                0x0080b630                _gp = ABSOLUTE ((. + 0x8000))
                0x0080b630                PROVIDE (gp, _gp)
 *(.rwdata .rwdata.*)
 *(.sdata .sdata.* .gnu.linkonce.s.*)
 .sdata         0x00803630        0x8 c:/altera/13.0sp1/nios2eds/bin/gnu/h-i686-mingw32/bin/../lib/gcc/nios2-elf/4.1.2/../../../../nios2-elf/lib/pg\libc.a(lib_a-impure.o)
                0x00803630                _impure_ptr
                0x00803634                _global_impure_ptr
 .sdata         0x00803638        0x4 ../systemesolaire_cpu0_bsp/\libhal_bsp.a(alt_gmon.o)
 .sdata         0x0080363c        0x4 ../systemesolaire_cpu0_bsp/\libhal_bsp.a(alt_sbrk.o)
 .sdata         0x00803640        0x8 ../systemesolaire_cpu0_bsp/\libhal_bsp.a(alt_tick.o)
                0x00803640                alt_alarm_list
 .sdata         0x00803648       0x14 ../systemesolaire_cpu0_bsp/\libhal_bsp.a(alt_dev.o)
                0x00803648                alt_fs_list
                0x00803650                alt_dev_list
                0x00803658                alt_max_fd
 .sdata         0x0080365c        0x4 ../systemesolaire_cpu0_bsp/\libhal_bsp.a(alt_errno.o)
                0x0080365c                alt_errno
 .sdata         0x00803660        0x4 ../systemesolaire_cpu0_bsp/\libhal_bsp.a(alt_irq_vars.o)
                0x00803660                alt_priority_mask
 *(.sdata2 .sdata2.* .gnu.linkonce.s2.*)
                0x00803664                . = ALIGN (0x4)
                0x00803664                _edata = ABSOLUTE (.)
                0x00803664                PROVIDE (edata, ABSOLUTE (.))
                0x00803664                PROVIDE (__ram_rwdata_end, ABSOLUTE (.))
                0x00803664                PROVIDE (__flash_rwdata_start, LOADADDR (.rwdata))

.bss            0x00804cc4      0x248
                0x00804cc4                __bss_start = ABSOLUTE (.)
                0x00804cc4                PROVIDE (__sbss_start, ABSOLUTE (.))
                0x00804cc4                PROVIDE (___sbss_start, ABSOLUTE (.))
 *(.dynsbss)
 *(.sbss .sbss.* .gnu.linkonce.sb.*)
 .sbss          0x00804cc4        0xc ../systemesolaire_cpu0_bsp/\libhal_bsp.a(alt_gmon.o)
 .sbss          0x00804cd0        0xc ../systemesolaire_cpu0_bsp/\libhal_bsp.a(alt_main.o)
                0x00804cd0                alt_argc
                0x00804cd4                alt_argv
                0x00804cd8                alt_envp
 .sbss          0x00804cdc        0x8 ../systemesolaire_cpu0_bsp/\libhal_bsp.a(alt_tick.o)
                0x00804cdc                _alt_tick_rate
                0x00804ce0                _alt_nticks
 .sbss          0x00804ce4        0x8 ../systemesolaire_cpu0_bsp/\libhal_bsp.a(altera_avalon_timer_vars.o)
                0x00804ce4                altera_avalon_timer_ts_base
                0x00804ce8                altera_avalon_timer_ts_freq
 .sbss          0x00804cec        0x4 ../systemesolaire_cpu0_bsp/\libhal_bsp.a(alt_irq_vars.o)
                0x00804cec                alt_irq_active
 .sbss          0x00804cf0        0x4 c:/altera/13.0sp1/nios2eds/bin/gnu/h-i686-mingw32/bin/../lib/gcc/nios2-elf/4.1.2/../../../../nios2-elf/lib/pg\libc.a(lib_a-int_errno.o)
                0x00804cf0                errno
 *(.sbss2 .sbss2.* .gnu.linkonce.sb2.*)
 *(.scommon)
                0x00804cf4                PROVIDE (__sbss_end, ABSOLUTE (.))
                0x00804cf4                PROVIDE (___sbss_end, ABSOLUTE (.))
 *(.dynbss)
 *(.bss .bss.* .gnu.linkonce.b.*)
 .bss           0x00804cf4        0x0 ../systemesolaire_cpu0_bsp//obj/HAL/src/crt0.o
 .bss           0x00804cf4        0x0 obj/default/draw_line_main.o
 .bss           0x00804cf4        0x0 c:/altera/13.0sp1/nios2eds/bin/gnu/h-i686-mingw32/bin/../lib/gcc/nios2-elf/4.1.2/../../../../nios2-elf/lib/pg\libc.a(lib_a-exit.o)
 .bss           0x00804cf4        0x0 c:/altera/13.0sp1/nios2eds/bin/gnu/h-i686-mingw32/bin/../lib/gcc/nios2-elf/4.1.2/../../../../nios2-elf/lib/pg\libc.a(lib_a-impure.o)
 .bss           0x00804cf4        0x0 c:/altera/13.0sp1/nios2eds/bin/gnu/h-i686-mingw32/bin/../lib/gcc/nios2-elf/4.1.2/../../../../nios2-elf/lib/pg\libc.a(lib_a-__call_atexit.o)
 .bss           0x00804cf4        0x0 ../systemesolaire_cpu0_bsp/\libhal_bsp.a(alt_exit.o)
 .bss           0x00804cf4       0x18 ../systemesolaire_cpu0_bsp/\libhal_bsp.a(alt_gmon.o)
 .bss           0x00804d0c        0x0 ../systemesolaire_cpu0_bsp/\libhal_bsp.a(alt_load.o)
 .bss           0x00804d0c        0x0 ../systemesolaire_cpu0_bsp/\libhal_bsp.a(alt_main.o)
 .bss           0x00804d0c        0x0 ../systemesolaire_cpu0_bsp/\libhal_bsp.a(alt_mcount.o)
 .bss           0x00804d0c        0x0 ../systemesolaire_cpu0_bsp/\libhal_bsp.a(alt_sbrk.o)
 .bss           0x00804d0c        0x0 ../systemesolaire_cpu0_bsp/\libhal_bsp.a(alt_tick.o)
 .bss           0x00804d0c        0x0 ../systemesolaire_cpu0_bsp/\libhal_bsp.a(alt_sys_init.o)
 .bss           0x00804d0c        0x0 ../systemesolaire_cpu0_bsp/\libhal_bsp.a(altera_avalon_jtag_uart_fd.o)
 .bss           0x00804d0c        0x0 ../systemesolaire_cpu0_bsp/\libhal_bsp.a(altera_avalon_jtag_uart_init.o)
 .bss           0x00804d0c        0x0 ../systemesolaire_cpu0_bsp/\libhal_bsp.a(altera_avalon_jtag_uart_ioctl.o)
 .bss           0x00804d0c        0x0 ../systemesolaire_cpu0_bsp/\libhal_bsp.a(altera_avalon_jtag_uart_read.o)
 .bss           0x00804d0c        0x0 ../systemesolaire_cpu0_bsp/\libhal_bsp.a(altera_avalon_jtag_uart_write.o)
 .bss           0x00804d0c        0x0 ../systemesolaire_cpu0_bsp/\libhal_bsp.a(altera_avalon_timer_sc.o)
 .bss           0x00804d0c        0x0 ../systemesolaire_cpu0_bsp/\libhal_bsp.a(altera_avalon_timer_vars.o)
 .bss           0x00804d0c        0x0 ../systemesolaire_cpu0_bsp/\libhal_bsp.a(alt_alarm_start.o)
 .bss           0x00804d0c        0x0 ../systemesolaire_cpu0_bsp/\libhal_bsp.a(alt_close.o)
 .bss           0x00804d0c        0x0 ../systemesolaire_cpu0_bsp/\libhal_bsp.a(alt_dcache_flush_all.o)
 .bss           0x00804d0c        0x0 ../systemesolaire_cpu0_bsp/\libhal_bsp.a(alt_dev.o)
 .bss           0x00804d0c        0x0 ../systemesolaire_cpu0_bsp/\libhal_bsp.a(alt_dev_llist_insert.o)
 .bss           0x00804d0c        0x0 ../systemesolaire_cpu0_bsp/\libhal_bsp.a(alt_errno.o)
 .bss           0x00804d0c        0x0 ../systemesolaire_cpu0_bsp/\libhal_bsp.a(alt_icache_flush_all.o)
 .bss           0x00804d0c        0x0 ../systemesolaire_cpu0_bsp/\libhal_bsp.a(alt_iic.o)
 .bss           0x00804d0c        0x0 ../systemesolaire_cpu0_bsp/\libhal_bsp.a(alt_iic_isr_register.o)
 .bss           0x00804d0c        0x0 ../systemesolaire_cpu0_bsp/\libhal_bsp.a(alt_io_redirect.o)
 .bss           0x00804d0c        0x0 ../systemesolaire_cpu0_bsp/\libhal_bsp.a(alt_irq_entry.o)
 .bss           0x00804d0c        0x0 ../systemesolaire_cpu0_bsp/\libhal_bsp.a(alt_irq_handler.o)
 .bss           0x00804d0c        0x0 ../systemesolaire_cpu0_bsp/\libhal_bsp.a(alt_irq_vars.o)
 .bss           0x00804d0c        0x0 ../systemesolaire_cpu0_bsp/\libhal_bsp.a(alt_open.o)
 .bss           0x00804d0c        0x0 ../systemesolaire_cpu0_bsp/\libhal_bsp.a(alt_release_fd.o)
 .bss           0x00804d0c        0x0 ../systemesolaire_cpu0_bsp/\libhal_bsp.a(altera_nios2_qsys_irq.o)
 .bss           0x00804d0c        0x0 ../systemesolaire_cpu0_bsp/\libhal_bsp.a(alt_exception_entry.o)
 .bss           0x00804d0c        0x0 ../systemesolaire_cpu0_bsp/\libhal_bsp.a(alt_find_dev.o)
 .bss           0x00804d0c        0x0 ../systemesolaire_cpu0_bsp/\libhal_bsp.a(alt_find_file.o)
 .bss           0x00804d0c        0x0 ../systemesolaire_cpu0_bsp/\libhal_bsp.a(alt_get_fd.o)
 .bss           0x00804d0c        0x0 ../systemesolaire_cpu0_bsp/\libhal_bsp.a(alt_icache_flush.o)
 .bss           0x00804d0c        0x0 c:/altera/13.0sp1/nios2eds/bin/gnu/h-i686-mingw32/bin/../lib/gcc/nios2-elf/4.1.2/../../../../nios2-elf/lib/pg\libc.a(lib_a-int_errno.o)
 .bss           0x00804d0c        0x0 c:/altera/13.0sp1/nios2eds/bin/gnu/h-i686-mingw32/bin/../lib/gcc/nios2-elf/4.1.2/../../../../nios2-elf/lib/pg\libc.a(lib_a-memcmp.o)
 .bss           0x00804d0c        0x0 c:/altera/13.0sp1/nios2eds/bin/gnu/h-i686-mingw32/bin/../lib/gcc/nios2-elf/4.1.2/../../../../nios2-elf/lib/pg\libc.a(lib_a-memcpy.o)
 .bss           0x00804d0c        0x0 c:/altera/13.0sp1/nios2eds/bin/gnu/h-i686-mingw32/bin/../lib/gcc/nios2-elf/4.1.2/../../../../nios2-elf/lib/pg\libc.a(lib_a-memset.o)
 .bss           0x00804d0c        0x0 c:/altera/13.0sp1/nios2eds/bin/gnu/h-i686-mingw32/bin/../lib/gcc/nios2-elf/4.1.2/../../../../nios2-elf/lib/pg\libc.a(lib_a-strlen.o)
 *(COMMON)
 COMMON         0x00804d0c      0x100 ../systemesolaire_cpu0_bsp/\libhal_bsp.a(alt_gmon.o)
                0x00804d0c                __mcount_fn_head
 COMMON         0x00804e0c      0x100 ../systemesolaire_cpu0_bsp/\libhal_bsp.a(alt_irq_handler.o)
                0x00804e0c                alt_irq
                0x00804f0c                . = ALIGN (0x4)
                0x00804f0c                __bss_end = ABSOLUTE (.)

.new_sdram_controller_0
                0x00804f0c        0x0
                0x00804f0c                PROVIDE (_alt_partition_new_sdram_controller_0_start, ABSOLUTE (.))
 *(.new_sdram_controller_0. new_sdram_controller_0.*)
                0x00804f0c                . = ALIGN (0x4)
                0x00804f0c                PROVIDE (_alt_partition_new_sdram_controller_0_end, ABSOLUTE (.))
                0x00804f0c                _end = ABSOLUTE (.)
                0x00804f0c                end = ABSOLUTE (.)
                0x00804f0c                __alt_stack_base = ABSOLUTE (.)
                0x00804f0c                PROVIDE (_alt_partition_new_sdram_controller_0_load_addr, LOADADDR (.new_sdram_controller_0))

.stab
 *(.stab)

.stabstr
 *(.stabstr)

.stab.excl
 *(.stab.excl)

.stab.exclstr
 *(.stab.exclstr)

.stab.index
 *(.stab.index)

.stab.indexstr
 *(.stab.indexstr)

.comment        0x00000000       0x26
 *(.comment)
 .comment       0x00000000       0x26 obj/default/draw_line_main.o
                                 0x27 (size before relaxing)
 .comment       0x00000000       0x27 c:/altera/13.0sp1/nios2eds/bin/gnu/h-i686-mingw32/bin/../lib/gcc/nios2-elf/4.1.2/../../../../nios2-elf/lib/pg\libc.a(lib_a-exit.o)
 .comment       0x00000000       0x27 c:/altera/13.0sp1/nios2eds/bin/gnu/h-i686-mingw32/bin/../lib/gcc/nios2-elf/4.1.2/../../../../nios2-elf/lib/pg\libc.a(lib_a-impure.o)
 .comment       0x00000000       0x27 c:/altera/13.0sp1/nios2eds/bin/gnu/h-i686-mingw32/bin/../lib/gcc/nios2-elf/4.1.2/../../../../nios2-elf/lib/pg\libc.a(lib_a-__call_atexit.o)
 .comment       0x00000000       0x27 ../systemesolaire_cpu0_bsp/\libhal_bsp.a(alt_exit.o)
 .comment       0x00000000       0x27 ../systemesolaire_cpu0_bsp/\libhal_bsp.a(alt_gmon.o)
 .comment       0x00000000       0x27 ../systemesolaire_cpu0_bsp/\libhal_bsp.a(alt_load.o)
 .comment       0x00000000       0x27 ../systemesolaire_cpu0_bsp/\libhal_bsp.a(alt_main.o)
 .comment       0x00000000       0x27 ../systemesolaire_cpu0_bsp/\libhal_bsp.a(alt_sbrk.o)
 .comment       0x00000000       0x27 ../systemesolaire_cpu0_bsp/\libhal_bsp.a(alt_tick.o)
 .comment       0x00000000       0x27 ../systemesolaire_cpu0_bsp/\libhal_bsp.a(alt_sys_init.o)
 .comment       0x00000000       0x27 ../systemesolaire_cpu0_bsp/\libhal_bsp.a(altera_avalon_jtag_uart_fd.o)
 .comment       0x00000000       0x27 ../systemesolaire_cpu0_bsp/\libhal_bsp.a(altera_avalon_jtag_uart_init.o)
 .comment       0x00000000       0x27 ../systemesolaire_cpu0_bsp/\libhal_bsp.a(altera_avalon_jtag_uart_ioctl.o)
 .comment       0x00000000       0x27 ../systemesolaire_cpu0_bsp/\libhal_bsp.a(altera_avalon_jtag_uart_read.o)
 .comment       0x00000000       0x27 ../systemesolaire_cpu0_bsp/\libhal_bsp.a(altera_avalon_jtag_uart_write.o)
 .comment       0x00000000       0x27 ../systemesolaire_cpu0_bsp/\libhal_bsp.a(altera_avalon_timer_sc.o)
 .comment       0x00000000       0x27 ../systemesolaire_cpu0_bsp/\libhal_bsp.a(altera_avalon_timer_vars.o)
 .comment       0x00000000       0x27 ../systemesolaire_cpu0_bsp/\libhal_bsp.a(alt_alarm_start.o)
 .comment       0x00000000       0x27 ../systemesolaire_cpu0_bsp/\libhal_bsp.a(alt_close.o)
 .comment       0x00000000       0x27 ../systemesolaire_cpu0_bsp/\libhal_bsp.a(alt_dcache_flush_all.o)
 .comment       0x00000000       0x27 ../systemesolaire_cpu0_bsp/\libhal_bsp.a(alt_dev.o)
 .comment       0x00000000       0x27 ../systemesolaire_cpu0_bsp/\libhal_bsp.a(alt_dev_llist_insert.o)
 .comment       0x00000000       0x27 ../systemesolaire_cpu0_bsp/\libhal_bsp.a(alt_errno.o)
 .comment       0x00000000       0x27 ../systemesolaire_cpu0_bsp/\libhal_bsp.a(alt_icache_flush_all.o)
 .comment       0x00000000       0x27 ../systemesolaire_cpu0_bsp/\libhal_bsp.a(alt_iic.o)
 .comment       0x00000000       0x27 ../systemesolaire_cpu0_bsp/\libhal_bsp.a(alt_iic_isr_register.o)
 .comment       0x00000000       0x27 ../systemesolaire_cpu0_bsp/\libhal_bsp.a(alt_io_redirect.o)
 .comment       0x00000000       0x27 ../systemesolaire_cpu0_bsp/\libhal_bsp.a(alt_irq_handler.o)
 .comment       0x00000000       0x27 ../systemesolaire_cpu0_bsp/\libhal_bsp.a(alt_irq_vars.o)
 .comment       0x00000000       0x27 ../systemesolaire_cpu0_bsp/\libhal_bsp.a(alt_open.o)
 .comment       0x00000000       0x27 ../systemesolaire_cpu0_bsp/\libhal_bsp.a(alt_release_fd.o)
 .comment       0x00000000       0x27 ../systemesolaire_cpu0_bsp/\libhal_bsp.a(altera_nios2_qsys_irq.o)
 .comment       0x00000000       0x27 ../systemesolaire_cpu0_bsp/\libhal_bsp.a(alt_find_dev.o)
 .comment       0x00000000       0x27 ../systemesolaire_cpu0_bsp/\libhal_bsp.a(alt_find_file.o)
 .comment       0x00000000       0x27 ../systemesolaire_cpu0_bsp/\libhal_bsp.a(alt_get_fd.o)
 .comment       0x00000000       0x27 ../systemesolaire_cpu0_bsp/\libhal_bsp.a(alt_icache_flush.o)
 .comment       0x00000000       0x27 c:/altera/13.0sp1/nios2eds/bin/gnu/h-i686-mingw32/bin/../lib/gcc/nios2-elf/4.1.2/../../../../nios2-elf/lib/pg\libc.a(lib_a-int_errno.o)
 .comment       0x00000000       0x27 c:/altera/13.0sp1/nios2eds/bin/gnu/h-i686-mingw32/bin/../lib/gcc/nios2-elf/4.1.2/../../../../nios2-elf/lib/pg\libc.a(lib_a-memcmp.o)
 .comment       0x00000000       0x27 c:/altera/13.0sp1/nios2eds/bin/gnu/h-i686-mingw32/bin/../lib/gcc/nios2-elf/4.1.2/../../../../nios2-elf/lib/pg\libc.a(lib_a-memcpy.o)
 .comment       0x00000000       0x27 c:/altera/13.0sp1/nios2eds/bin/gnu/h-i686-mingw32/bin/../lib/gcc/nios2-elf/4.1.2/../../../../nios2-elf/lib/pg\libc.a(lib_a-memset.o)
 .comment       0x00000000       0x27 c:/altera/13.0sp1/nios2eds/bin/gnu/h-i686-mingw32/bin/../lib/gcc/nios2-elf/4.1.2/../../../../nios2-elf/lib/pg\libc.a(lib_a-strlen.o)

.debug
 *(.debug)

.line
 *(.line)

.debug_srcinfo
 *(.debug_srcinfo)

.debug_sfnames
 *(.debug_sfnames)

.debug_aranges  0x00000000      0x538
 *(.debug_aranges)
 .debug_aranges
                0x00000000       0x28 ../systemesolaire_cpu0_bsp//obj/HAL/src/crt0.o
 .debug_aranges
                0x00000028       0x20 c:/altera/13.0sp1/nios2eds/bin/gnu/h-i686-mingw32/bin/../lib/gcc/nios2-elf/4.1.2/../../../../nios2-elf/lib/pg\libc.a(lib_a-exit.o)
 .debug_aranges
                0x00000048       0x20 c:/altera/13.0sp1/nios2eds/bin/gnu/h-i686-mingw32/bin/../lib/gcc/nios2-elf/4.1.2/../../../../nios2-elf/lib/pg\libc.a(lib_a-__call_atexit.o)
 .debug_aranges
                0x00000068       0x20 ../systemesolaire_cpu0_bsp/\libhal_bsp.a(alt_exit.o)
 .debug_aranges
                0x00000088       0x20 ../systemesolaire_cpu0_bsp/\libhal_bsp.a(alt_gmon.o)
 .debug_aranges
                0x000000a8       0x20 ../systemesolaire_cpu0_bsp/\libhal_bsp.a(alt_load.o)
 .debug_aranges
                0x000000c8       0x20 ../systemesolaire_cpu0_bsp/\libhal_bsp.a(alt_main.o)
 .debug_aranges
                0x000000e8       0x20 ../systemesolaire_cpu0_bsp/\libhal_bsp.a(alt_mcount.o)
 .debug_aranges
                0x00000108       0x20 ../systemesolaire_cpu0_bsp/\libhal_bsp.a(alt_sbrk.o)
 .debug_aranges
                0x00000128       0x20 ../systemesolaire_cpu0_bsp/\libhal_bsp.a(alt_tick.o)
 .debug_aranges
                0x00000148       0x20 ../systemesolaire_cpu0_bsp/\libhal_bsp.a(alt_sys_init.o)
 .debug_aranges
                0x00000168       0x20 ../systemesolaire_cpu0_bsp/\libhal_bsp.a(altera_avalon_jtag_uart_fd.o)
 .debug_aranges
                0x00000188       0x20 ../systemesolaire_cpu0_bsp/\libhal_bsp.a(altera_avalon_jtag_uart_init.o)
 .debug_aranges
                0x000001a8       0x20 ../systemesolaire_cpu0_bsp/\libhal_bsp.a(altera_avalon_jtag_uart_ioctl.o)
 .debug_aranges
                0x000001c8       0x20 ../systemesolaire_cpu0_bsp/\libhal_bsp.a(altera_avalon_jtag_uart_read.o)
 .debug_aranges
                0x000001e8       0x20 ../systemesolaire_cpu0_bsp/\libhal_bsp.a(altera_avalon_jtag_uart_write.o)
 .debug_aranges
                0x00000208       0x20 ../systemesolaire_cpu0_bsp/\libhal_bsp.a(altera_avalon_timer_sc.o)
 .debug_aranges
                0x00000228       0x20 ../systemesolaire_cpu0_bsp/\libhal_bsp.a(alt_alarm_start.o)
 .debug_aranges
                0x00000248       0x20 ../systemesolaire_cpu0_bsp/\libhal_bsp.a(alt_close.o)
 .debug_aranges
                0x00000268       0x20 ../systemesolaire_cpu0_bsp/\libhal_bsp.a(alt_dcache_flush_all.o)
 .debug_aranges
                0x00000288       0x20 ../systemesolaire_cpu0_bsp/\libhal_bsp.a(alt_dev.o)
 .debug_aranges
                0x000002a8       0x20 ../systemesolaire_cpu0_bsp/\libhal_bsp.a(alt_dev_llist_insert.o)
 .debug_aranges
                0x000002c8       0x20 ../systemesolaire_cpu0_bsp/\libhal_bsp.a(alt_icache_flush_all.o)
 .debug_aranges
                0x000002e8       0x20 ../systemesolaire_cpu0_bsp/\libhal_bsp.a(alt_iic.o)
 .debug_aranges
                0x00000308       0x20 ../systemesolaire_cpu0_bsp/\libhal_bsp.a(alt_iic_isr_register.o)
 .debug_aranges
                0x00000328       0x20 ../systemesolaire_cpu0_bsp/\libhal_bsp.a(alt_io_redirect.o)
 .debug_aranges
                0x00000348       0x30 ../systemesolaire_cpu0_bsp/\libhal_bsp.a(alt_irq_entry.o)
 .debug_aranges
                0x00000378       0x28 ../systemesolaire_cpu0_bsp/\libhal_bsp.a(alt_irq_handler.o)
 .debug_aranges
                0x000003a0       0x20 ../systemesolaire_cpu0_bsp/\libhal_bsp.a(alt_open.o)
 .debug_aranges
                0x000003c0       0x20 ../systemesolaire_cpu0_bsp/\libhal_bsp.a(alt_release_fd.o)
 .debug_aranges
                0x000003e0       0x20 ../systemesolaire_cpu0_bsp/\libhal_bsp.a(altera_nios2_qsys_irq.o)
 .debug_aranges
                0x00000400       0x38 ../systemesolaire_cpu0_bsp/\libhal_bsp.a(alt_exception_entry.o)
 .debug_aranges
                0x00000438       0x20 ../systemesolaire_cpu0_bsp/\libhal_bsp.a(alt_find_dev.o)
 .debug_aranges
                0x00000458       0x20 ../systemesolaire_cpu0_bsp/\libhal_bsp.a(alt_find_file.o)
 .debug_aranges
                0x00000478       0x20 ../systemesolaire_cpu0_bsp/\libhal_bsp.a(alt_get_fd.o)
 .debug_aranges
                0x00000498       0x20 ../systemesolaire_cpu0_bsp/\libhal_bsp.a(alt_icache_flush.o)
 .debug_aranges
                0x000004b8       0x20 c:/altera/13.0sp1/nios2eds/bin/gnu/h-i686-mingw32/bin/../lib/gcc/nios2-elf/4.1.2/../../../../nios2-elf/lib/pg\libc.a(lib_a-memcmp.o)
 .debug_aranges
                0x000004d8       0x20 c:/altera/13.0sp1/nios2eds/bin/gnu/h-i686-mingw32/bin/../lib/gcc/nios2-elf/4.1.2/../../../../nios2-elf/lib/pg\libc.a(lib_a-memcpy.o)
 .debug_aranges
                0x000004f8       0x20 c:/altera/13.0sp1/nios2eds/bin/gnu/h-i686-mingw32/bin/../lib/gcc/nios2-elf/4.1.2/../../../../nios2-elf/lib/pg\libc.a(lib_a-memset.o)
 .debug_aranges
                0x00000518       0x20 c:/altera/13.0sp1/nios2eds/bin/gnu/h-i686-mingw32/bin/../lib/gcc/nios2-elf/4.1.2/../../../../nios2-elf/lib/pg\libc.a(lib_a-strlen.o)

.debug_pubnames
                0x00000000      0x818
 *(.debug_pubnames)
 .debug_pubnames
                0x00000000       0x1b c:/altera/13.0sp1/nios2eds/bin/gnu/h-i686-mingw32/bin/../lib/gcc/nios2-elf/4.1.2/../../../../nios2-elf/lib/pg\libc.a(lib_a-exit.o)
 .debug_pubnames
                0x0000001b       0x39 c:/altera/13.0sp1/nios2eds/bin/gnu/h-i686-mingw32/bin/../lib/gcc/nios2-elf/4.1.2/../../../../nios2-elf/lib/pg\libc.a(lib_a-impure.o)
 .debug_pubnames
                0x00000054       0x27 c:/altera/13.0sp1/nios2eds/bin/gnu/h-i686-mingw32/bin/../lib/gcc/nios2-elf/4.1.2/../../../../nios2-elf/lib/pg\libc.a(lib_a-__call_atexit.o)
 .debug_pubnames
                0x0000007b       0x1c ../systemesolaire_cpu0_bsp/\libhal_bsp.a(alt_exit.o)
 .debug_pubnames
                0x00000097       0x4d ../systemesolaire_cpu0_bsp/\libhal_bsp.a(alt_gmon.o)
 .debug_pubnames
                0x000000e4       0x1f ../systemesolaire_cpu0_bsp/\libhal_bsp.a(alt_load.o)
 .debug_pubnames
                0x00000103       0x46 ../systemesolaire_cpu0_bsp/\libhal_bsp.a(alt_main.o)
 .debug_pubnames
                0x00000149       0x1b ../systemesolaire_cpu0_bsp/\libhal_bsp.a(alt_sbrk.o)
 .debug_pubnames
                0x00000164       0x68 ../systemesolaire_cpu0_bsp/\libhal_bsp.a(alt_tick.o)
 .debug_pubnames
                0x000001cc       0x34 ../systemesolaire_cpu0_bsp/\libhal_bsp.a(alt_sys_init.o)
 .debug_pubnames
                0x00000200       0xa5 ../systemesolaire_cpu0_bsp/\libhal_bsp.a(altera_avalon_jtag_uart_fd.o)
 .debug_pubnames
                0x000002a5       0x55 ../systemesolaire_cpu0_bsp/\libhal_bsp.a(altera_avalon_jtag_uart_init.o)
 .debug_pubnames
                0x000002fa       0x34 ../systemesolaire_cpu0_bsp/\libhal_bsp.a(altera_avalon_jtag_uart_ioctl.o)
 .debug_pubnames
                0x0000032e       0x33 ../systemesolaire_cpu0_bsp/\libhal_bsp.a(altera_avalon_jtag_uart_read.o)
 .debug_pubnames
                0x00000361       0x34 ../systemesolaire_cpu0_bsp/\libhal_bsp.a(altera_avalon_jtag_uart_write.o)
 .debug_pubnames
                0x00000395       0x2f ../systemesolaire_cpu0_bsp/\libhal_bsp.a(altera_avalon_timer_sc.o)
 .debug_pubnames
                0x000003c4       0x52 ../systemesolaire_cpu0_bsp/\libhal_bsp.a(altera_avalon_timer_vars.o)
 .debug_pubnames
                0x00000416       0x26 ../systemesolaire_cpu0_bsp/\libhal_bsp.a(alt_alarm_start.o)
 .debug_pubnames
                0x0000043c       0x1c ../systemesolaire_cpu0_bsp/\libhal_bsp.a(alt_close.o)
 .debug_pubnames
                0x00000458       0x2b ../systemesolaire_cpu0_bsp/\libhal_bsp.a(alt_dcache_flush_all.o)
 .debug_pubnames
                0x00000483       0x63 ../systemesolaire_cpu0_bsp/\libhal_bsp.a(alt_dev.o)
 .debug_pubnames
                0x000004e6       0x2b ../systemesolaire_cpu0_bsp/\libhal_bsp.a(alt_dev_llist_insert.o)
 .debug_pubnames
                0x00000511       0x20 ../systemesolaire_cpu0_bsp/\libhal_bsp.a(alt_errno.o)
 .debug_pubnames
                0x00000531       0x2b ../systemesolaire_cpu0_bsp/\libhal_bsp.a(alt_icache_flush_all.o)
 .debug_pubnames
                0x0000055c       0x6e ../systemesolaire_cpu0_bsp/\libhal_bsp.a(alt_iic.o)
 .debug_pubnames
                0x000005ca       0x2b ../systemesolaire_cpu0_bsp/\libhal_bsp.a(alt_iic_isr_register.o)
 .debug_pubnames
                0x000005f5       0x26 ../systemesolaire_cpu0_bsp/\libhal_bsp.a(alt_io_redirect.o)
 .debug_pubnames
                0x0000061b       0x32 ../systemesolaire_cpu0_bsp/\libhal_bsp.a(alt_irq_handler.o)
 .debug_pubnames
                0x0000064d       0x3b ../systemesolaire_cpu0_bsp/\libhal_bsp.a(alt_irq_vars.o)
 .debug_pubnames
                0x00000688       0x1b ../systemesolaire_cpu0_bsp/\libhal_bsp.a(alt_open.o)
 .debug_pubnames
                0x000006a3       0x25 ../systemesolaire_cpu0_bsp/\libhal_bsp.a(alt_release_fd.o)
 .debug_pubnames
                0x000006c8       0x31 ../systemesolaire_cpu0_bsp/\libhal_bsp.a(altera_nios2_qsys_irq.o)
 .debug_pubnames
                0x000006f9       0x23 ../systemesolaire_cpu0_bsp/\libhal_bsp.a(alt_find_dev.o)
 .debug_pubnames
                0x0000071c       0x24 ../systemesolaire_cpu0_bsp/\libhal_bsp.a(alt_find_file.o)
 .debug_pubnames
                0x00000740       0x21 ../systemesolaire_cpu0_bsp/\libhal_bsp.a(alt_get_fd.o)
 .debug_pubnames
                0x00000761       0x27 ../systemesolaire_cpu0_bsp/\libhal_bsp.a(alt_icache_flush.o)
 .debug_pubnames
                0x00000788       0x1c c:/altera/13.0sp1/nios2eds/bin/gnu/h-i686-mingw32/bin/../lib/gcc/nios2-elf/4.1.2/../../../../nios2-elf/lib/pg\libc.a(lib_a-int_errno.o)
 .debug_pubnames
                0x000007a4       0x1d c:/altera/13.0sp1/nios2eds/bin/gnu/h-i686-mingw32/bin/../lib/gcc/nios2-elf/4.1.2/../../../../nios2-elf/lib/pg\libc.a(lib_a-memcmp.o)
 .debug_pubnames
                0x000007c1       0x1d c:/altera/13.0sp1/nios2eds/bin/gnu/h-i686-mingw32/bin/../lib/gcc/nios2-elf/4.1.2/../../../../nios2-elf/lib/pg\libc.a(lib_a-memcpy.o)
 .debug_pubnames
                0x000007de       0x1d c:/altera/13.0sp1/nios2eds/bin/gnu/h-i686-mingw32/bin/../lib/gcc/nios2-elf/4.1.2/../../../../nios2-elf/lib/pg\libc.a(lib_a-memset.o)
 .debug_pubnames
                0x000007fb       0x1d c:/altera/13.0sp1/nios2eds/bin/gnu/h-i686-mingw32/bin/../lib/gcc/nios2-elf/4.1.2/../../../../nios2-elf/lib/pg\libc.a(lib_a-strlen.o)

.debug_info     0x00000000     0x77f3
 *(.debug_info .gnu.linkonce.wi.*)
 .debug_info    0x00000000       0x6e ../systemesolaire_cpu0_bsp//obj/HAL/src/crt0.o
 .debug_info    0x0000006e      0x93f c:/altera/13.0sp1/nios2eds/bin/gnu/h-i686-mingw32/bin/../lib/gcc/nios2-elf/4.1.2/../../../../nios2-elf/lib/pg\libc.a(lib_a-exit.o)
 .debug_info    0x000009ad      0x93d c:/altera/13.0sp1/nios2eds/bin/gnu/h-i686-mingw32/bin/../lib/gcc/nios2-elf/4.1.2/../../../../nios2-elf/lib/pg\libc.a(lib_a-impure.o)
 .debug_info    0x000012ea      0x9e2 c:/altera/13.0sp1/nios2eds/bin/gnu/h-i686-mingw32/bin/../lib/gcc/nios2-elf/4.1.2/../../../../nios2-elf/lib/pg\libc.a(lib_a-__call_atexit.o)
 .debug_info    0x00001ccc      0x122 ../systemesolaire_cpu0_bsp/\libhal_bsp.a(alt_exit.o)
 .debug_info    0x00001dee      0x4c5 ../systemesolaire_cpu0_bsp/\libhal_bsp.a(alt_gmon.o)
 .debug_info    0x000022b3      0x1a1 ../systemesolaire_cpu0_bsp/\libhal_bsp.a(alt_load.o)
 .debug_info    0x00002454      0x137 ../systemesolaire_cpu0_bsp/\libhal_bsp.a(alt_main.o)
 .debug_info    0x0000258b       0x78 ../systemesolaire_cpu0_bsp/\libhal_bsp.a(alt_mcount.o)
 .debug_info    0x00002603      0x1a5 ../systemesolaire_cpu0_bsp/\libhal_bsp.a(alt_sbrk.o)
 .debug_info    0x000027a8      0x34e ../systemesolaire_cpu0_bsp/\libhal_bsp.a(alt_tick.o)
 .debug_info    0x00002af6      0x502 ../systemesolaire_cpu0_bsp/\libhal_bsp.a(alt_sys_init.o)
 .debug_info    0x00002ff8      0x57c ../systemesolaire_cpu0_bsp/\libhal_bsp.a(altera_avalon_jtag_uart_fd.o)
 .debug_info    0x00003574      0x3a9 ../systemesolaire_cpu0_bsp/\libhal_bsp.a(altera_avalon_jtag_uart_init.o)
 .debug_info    0x0000391d      0x2a1 ../systemesolaire_cpu0_bsp/\libhal_bsp.a(altera_avalon_jtag_uart_ioctl.o)
 .debug_info    0x00003bbe      0x373 ../systemesolaire_cpu0_bsp/\libhal_bsp.a(altera_avalon_jtag_uart_read.o)
 .debug_info    0x00003f31      0x35e ../systemesolaire_cpu0_bsp/\libhal_bsp.a(altera_avalon_jtag_uart_write.o)
 .debug_info    0x0000428f      0x221 ../systemesolaire_cpu0_bsp/\libhal_bsp.a(altera_avalon_timer_sc.o)
 .debug_info    0x000044b0       0xf2 ../systemesolaire_cpu0_bsp/\libhal_bsp.a(altera_avalon_timer_vars.o)
 .debug_info    0x000045a2      0x2c6 ../systemesolaire_cpu0_bsp/\libhal_bsp.a(alt_alarm_start.o)
 .debug_info    0x00004868      0x35c ../systemesolaire_cpu0_bsp/\libhal_bsp.a(alt_close.o)
 .debug_info    0x00004bc4       0x9f ../systemesolaire_cpu0_bsp/\libhal_bsp.a(alt_dcache_flush_all.o)
 .debug_info    0x00004c63      0x4dd ../systemesolaire_cpu0_bsp/\libhal_bsp.a(alt_dev.o)
 .debug_info    0x00005140      0x1b7 ../systemesolaire_cpu0_bsp/\libhal_bsp.a(alt_dev_llist_insert.o)
 .debug_info    0x000052f7       0xab ../systemesolaire_cpu0_bsp/\libhal_bsp.a(alt_errno.o)
 .debug_info    0x000053a2       0x8d ../systemesolaire_cpu0_bsp/\libhal_bsp.a(alt_icache_flush_all.o)
 .debug_info    0x0000542f      0x341 ../systemesolaire_cpu0_bsp/\libhal_bsp.a(alt_iic.o)
 .debug_info    0x00005770      0x1ee ../systemesolaire_cpu0_bsp/\libhal_bsp.a(alt_iic_isr_register.o)
 .debug_info    0x0000595e      0x57c ../systemesolaire_cpu0_bsp/\libhal_bsp.a(alt_io_redirect.o)
 .debug_info    0x00005eda       0x77 ../systemesolaire_cpu0_bsp/\libhal_bsp.a(alt_irq_entry.o)
 .debug_info    0x00005f51      0x168 ../systemesolaire_cpu0_bsp/\libhal_bsp.a(alt_irq_handler.o)
 .debug_info    0x000060b9       0x92 ../systemesolaire_cpu0_bsp/\libhal_bsp.a(alt_irq_vars.o)
 .debug_info    0x0000614b      0x410 ../systemesolaire_cpu0_bsp/\libhal_bsp.a(alt_open.o)
 .debug_info    0x0000655b      0x2d9 ../systemesolaire_cpu0_bsp/\libhal_bsp.a(alt_release_fd.o)
 .debug_info    0x00006834       0x8d ../systemesolaire_cpu0_bsp/\libhal_bsp.a(altera_nios2_qsys_irq.o)
 .debug_info    0x000068c1       0x7d ../systemesolaire_cpu0_bsp/\libhal_bsp.a(alt_exception_entry.o)
 .debug_info    0x0000693e      0x30c ../systemesolaire_cpu0_bsp/\libhal_bsp.a(alt_find_dev.o)
 .debug_info    0x00006c4a      0x30e ../systemesolaire_cpu0_bsp/\libhal_bsp.a(alt_find_file.o)
 .debug_info    0x00006f58      0x331 ../systemesolaire_cpu0_bsp/\libhal_bsp.a(alt_get_fd.o)
 .debug_info    0x00007289       0xd5 ../systemesolaire_cpu0_bsp/\libhal_bsp.a(alt_icache_flush.o)
 .debug_info    0x0000735e       0x8c c:/altera/13.0sp1/nios2eds/bin/gnu/h-i686-mingw32/bin/../lib/gcc/nios2-elf/4.1.2/../../../../nios2-elf/lib/pg\libc.a(lib_a-int_errno.o)
 .debug_info    0x000073ea      0x115 c:/altera/13.0sp1/nios2eds/bin/gnu/h-i686-mingw32/bin/../lib/gcc/nios2-elf/4.1.2/../../../../nios2-elf/lib/pg\libc.a(lib_a-memcmp.o)
 .debug_info    0x000074ff      0x106 c:/altera/13.0sp1/nios2eds/bin/gnu/h-i686-mingw32/bin/../lib/gcc/nios2-elf/4.1.2/../../../../nios2-elf/lib/pg\libc.a(lib_a-memcpy.o)
 .debug_info    0x00007605      0x113 c:/altera/13.0sp1/nios2eds/bin/gnu/h-i686-mingw32/bin/../lib/gcc/nios2-elf/4.1.2/../../../../nios2-elf/lib/pg\libc.a(lib_a-memset.o)
 .debug_info    0x00007718       0xdb c:/altera/13.0sp1/nios2eds/bin/gnu/h-i686-mingw32/bin/../lib/gcc/nios2-elf/4.1.2/../../../../nios2-elf/lib/pg\libc.a(lib_a-strlen.o)

.debug_abbrev   0x00000000     0x295d
 *(.debug_abbrev)
 .debug_abbrev  0x00000000       0x12 ../systemesolaire_cpu0_bsp//obj/HAL/src/crt0.o
 .debug_abbrev  0x00000012      0x16e c:/altera/13.0sp1/nios2eds/bin/gnu/h-i686-mingw32/bin/../lib/gcc/nios2-elf/4.1.2/../../../../nios2-elf/lib/pg\libc.a(lib_a-exit.o)
 .debug_abbrev  0x00000180      0x157 c:/altera/13.0sp1/nios2eds/bin/gnu/h-i686-mingw32/bin/../lib/gcc/nios2-elf/4.1.2/../../../../nios2-elf/lib/pg\libc.a(lib_a-impure.o)
 .debug_abbrev  0x000002d7      0x1de c:/altera/13.0sp1/nios2eds/bin/gnu/h-i686-mingw32/bin/../lib/gcc/nios2-elf/4.1.2/../../../../nios2-elf/lib/pg\libc.a(lib_a-__call_atexit.o)
 .debug_abbrev  0x000004b5       0xc9 ../systemesolaire_cpu0_bsp/\libhal_bsp.a(alt_exit.o)
 .debug_abbrev  0x0000057e      0x1df ../systemesolaire_cpu0_bsp/\libhal_bsp.a(alt_gmon.o)
 .debug_abbrev  0x0000075d       0xb6 ../systemesolaire_cpu0_bsp/\libhal_bsp.a(alt_load.o)
 .debug_abbrev  0x00000813       0xb7 ../systemesolaire_cpu0_bsp/\libhal_bsp.a(alt_main.o)
 .debug_abbrev  0x000008ca       0x14 ../systemesolaire_cpu0_bsp/\libhal_bsp.a(alt_mcount.o)
 .debug_abbrev  0x000008de      0x10b ../systemesolaire_cpu0_bsp/\libhal_bsp.a(alt_sbrk.o)
 .debug_abbrev  0x000009e9      0x173 ../systemesolaire_cpu0_bsp/\libhal_bsp.a(alt_tick.o)
 .debug_abbrev  0x00000b5c      0x159 ../systemesolaire_cpu0_bsp/\libhal_bsp.a(alt_sys_init.o)
 .debug_abbrev  0x00000cb5      0x113 ../systemesolaire_cpu0_bsp/\libhal_bsp.a(altera_avalon_jtag_uart_fd.o)
 .debug_abbrev  0x00000dc8      0x1ac ../systemesolaire_cpu0_bsp/\libhal_bsp.a(altera_avalon_jtag_uart_init.o)
 .debug_abbrev  0x00000f74      0x10a ../systemesolaire_cpu0_bsp/\libhal_bsp.a(altera_avalon_jtag_uart_ioctl.o)
 .debug_abbrev  0x0000107e      0x194 ../systemesolaire_cpu0_bsp/\libhal_bsp.a(altera_avalon_jtag_uart_read.o)
 .debug_abbrev  0x00001212      0x18c ../systemesolaire_cpu0_bsp/\libhal_bsp.a(altera_avalon_jtag_uart_write.o)
 .debug_abbrev  0x0000139e      0x158 ../systemesolaire_cpu0_bsp/\libhal_bsp.a(altera_avalon_timer_sc.o)
 .debug_abbrev  0x000014f6       0x87 ../systemesolaire_cpu0_bsp/\libhal_bsp.a(altera_avalon_timer_vars.o)
 .debug_abbrev  0x0000157d      0x179 ../systemesolaire_cpu0_bsp/\libhal_bsp.a(alt_alarm_start.o)
 .debug_abbrev  0x000016f6      0x122 ../systemesolaire_cpu0_bsp/\libhal_bsp.a(alt_close.o)
 .debug_abbrev  0x00001818       0x57 ../systemesolaire_cpu0_bsp/\libhal_bsp.a(alt_dcache_flush_all.o)
 .debug_abbrev  0x0000186f       0xd6 ../systemesolaire_cpu0_bsp/\libhal_bsp.a(alt_dev.o)
 .debug_abbrev  0x00001945      0x117 ../systemesolaire_cpu0_bsp/\libhal_bsp.a(alt_dev_llist_insert.o)
 .debug_abbrev  0x00001a5c       0x5e ../systemesolaire_cpu0_bsp/\libhal_bsp.a(alt_errno.o)
 .debug_abbrev  0x00001aba       0x3f ../systemesolaire_cpu0_bsp/\libhal_bsp.a(alt_icache_flush_all.o)
 .debug_abbrev  0x00001af9      0x160 ../systemesolaire_cpu0_bsp/\libhal_bsp.a(alt_iic.o)
 .debug_abbrev  0x00001c59      0x17c ../systemesolaire_cpu0_bsp/\libhal_bsp.a(alt_iic_isr_register.o)
 .debug_abbrev  0x00001dd5      0x151 ../systemesolaire_cpu0_bsp/\libhal_bsp.a(alt_io_redirect.o)
 .debug_abbrev  0x00001f26       0x12 ../systemesolaire_cpu0_bsp/\libhal_bsp.a(alt_irq_entry.o)
 .debug_abbrev  0x00001f38      0x115 ../systemesolaire_cpu0_bsp/\libhal_bsp.a(alt_irq_handler.o)
 .debug_abbrev  0x0000204d       0x44 ../systemesolaire_cpu0_bsp/\libhal_bsp.a(alt_irq_vars.o)
 .debug_abbrev  0x00002091      0x179 ../systemesolaire_cpu0_bsp/\libhal_bsp.a(alt_open.o)
 .debug_abbrev  0x0000220a       0xdb ../systemesolaire_cpu0_bsp/\libhal_bsp.a(alt_release_fd.o)
 .debug_abbrev  0x000022e5       0x3f ../systemesolaire_cpu0_bsp/\libhal_bsp.a(altera_nios2_qsys_irq.o)
 .debug_abbrev  0x00002324       0x12 ../systemesolaire_cpu0_bsp/\libhal_bsp.a(alt_exception_entry.o)
 .debug_abbrev  0x00002336       0xeb ../systemesolaire_cpu0_bsp/\libhal_bsp.a(alt_find_dev.o)
 .debug_abbrev  0x00002421       0xed ../systemesolaire_cpu0_bsp/\libhal_bsp.a(alt_find_file.o)
 .debug_abbrev  0x0000250e      0x117 ../systemesolaire_cpu0_bsp/\libhal_bsp.a(alt_get_fd.o)
 .debug_abbrev  0x00002625       0x89 ../systemesolaire_cpu0_bsp/\libhal_bsp.a(alt_icache_flush.o)
 .debug_abbrev  0x000026ae       0x3b c:/altera/13.0sp1/nios2eds/bin/gnu/h-i686-mingw32/bin/../lib/gcc/nios2-elf/4.1.2/../../../../nios2-elf/lib/pg\libc.a(lib_a-int_errno.o)
 .debug_abbrev  0x000026e9       0x7c c:/altera/13.0sp1/nios2eds/bin/gnu/h-i686-mingw32/bin/../lib/gcc/nios2-elf/4.1.2/../../../../nios2-elf/lib/pg\libc.a(lib_a-memcmp.o)
 .debug_abbrev  0x00002765       0xb5 c:/altera/13.0sp1/nios2eds/bin/gnu/h-i686-mingw32/bin/../lib/gcc/nios2-elf/4.1.2/../../../../nios2-elf/lib/pg\libc.a(lib_a-memcpy.o)
 .debug_abbrev  0x0000281a       0xb8 c:/altera/13.0sp1/nios2eds/bin/gnu/h-i686-mingw32/bin/../lib/gcc/nios2-elf/4.1.2/../../../../nios2-elf/lib/pg\libc.a(lib_a-memset.o)
 .debug_abbrev  0x000028d2       0x8b c:/altera/13.0sp1/nios2eds/bin/gnu/h-i686-mingw32/bin/../lib/gcc/nios2-elf/4.1.2/../../../../nios2-elf/lib/pg\libc.a(lib_a-strlen.o)

.debug_line     0x00000000     0x6ab0
 *(.debug_line)
 .debug_line    0x00000000       0x72 ../systemesolaire_cpu0_bsp//obj/HAL/src/crt0.o
 .debug_line    0x00000072      0x233 c:/altera/13.0sp1/nios2eds/bin/gnu/h-i686-mingw32/bin/../lib/gcc/nios2-elf/4.1.2/../../../../nios2-elf/lib/pg\libc.a(lib_a-exit.o)
 .debug_line    0x000002a5      0x230 c:/altera/13.0sp1/nios2eds/bin/gnu/h-i686-mingw32/bin/../lib/gcc/nios2-elf/4.1.2/../../../../nios2-elf/lib/pg\libc.a(lib_a-impure.o)
 .debug_line    0x000004d5      0x33e c:/altera/13.0sp1/nios2eds/bin/gnu/h-i686-mingw32/bin/../lib/gcc/nios2-elf/4.1.2/../../../../nios2-elf/lib/pg\libc.a(lib_a-__call_atexit.o)
 .debug_line    0x00000813      0x1fe ../systemesolaire_cpu0_bsp/\libhal_bsp.a(alt_exit.o)
 .debug_line    0x00000a11      0x40b ../systemesolaire_cpu0_bsp/\libhal_bsp.a(alt_gmon.o)
 .debug_line    0x00000e1c      0x273 ../systemesolaire_cpu0_bsp/\libhal_bsp.a(alt_load.o)
 .debug_line    0x0000108f      0x2ba ../systemesolaire_cpu0_bsp/\libhal_bsp.a(alt_main.o)
 .debug_line    0x00001349       0x6a ../systemesolaire_cpu0_bsp/\libhal_bsp.a(alt_mcount.o)
 .debug_line    0x000013b3      0x254 ../systemesolaire_cpu0_bsp/\libhal_bsp.a(alt_sbrk.o)
 .debug_line    0x00001607      0x33a ../systemesolaire_cpu0_bsp/\libhal_bsp.a(alt_tick.o)
 .debug_line    0x00001941      0x2ef ../systemesolaire_cpu0_bsp/\libhal_bsp.a(alt_sys_init.o)
 .debug_line    0x00001c30      0x21d ../systemesolaire_cpu0_bsp/\libhal_bsp.a(altera_avalon_jtag_uart_fd.o)
 .debug_line    0x00001e4d      0x4fd ../systemesolaire_cpu0_bsp/\libhal_bsp.a(altera_avalon_jtag_uart_init.o)
 .debug_line    0x0000234a      0x30d ../systemesolaire_cpu0_bsp/\libhal_bsp.a(altera_avalon_jtag_uart_ioctl.o)
 .debug_line    0x00002657      0x436 ../systemesolaire_cpu0_bsp/\libhal_bsp.a(altera_avalon_jtag_uart_read.o)
 .debug_line    0x00002a8d      0x447 ../systemesolaire_cpu0_bsp/\libhal_bsp.a(altera_avalon_jtag_uart_write.o)
 .debug_line    0x00002ed4      0x2b1 ../systemesolaire_cpu0_bsp/\libhal_bsp.a(altera_avalon_timer_sc.o)
 .debug_line    0x00003185      0x242 ../systemesolaire_cpu0_bsp/\libhal_bsp.a(altera_avalon_timer_vars.o)
 .debug_line    0x000033c7      0x2be ../systemesolaire_cpu0_bsp/\libhal_bsp.a(alt_alarm_start.o)
 .debug_line    0x00003685      0x2ab ../systemesolaire_cpu0_bsp/\libhal_bsp.a(alt_close.o)
 .debug_line    0x00003930      0x1cd ../systemesolaire_cpu0_bsp/\libhal_bsp.a(alt_dcache_flush_all.o)
 .debug_line    0x00003afd      0x24c ../systemesolaire_cpu0_bsp/\libhal_bsp.a(alt_dev.o)
 .debug_line    0x00003d49      0x264 ../systemesolaire_cpu0_bsp/\libhal_bsp.a(alt_dev_llist_insert.o)
 .debug_line    0x00003fad      0x1aa ../systemesolaire_cpu0_bsp/\libhal_bsp.a(alt_errno.o)
 .debug_line    0x00004157      0x1c5 ../systemesolaire_cpu0_bsp/\libhal_bsp.a(alt_icache_flush_all.o)
 .debug_line    0x0000431c      0x27f ../systemesolaire_cpu0_bsp/\libhal_bsp.a(alt_iic.o)
 .debug_line    0x0000459b      0x243 ../systemesolaire_cpu0_bsp/\libhal_bsp.a(alt_iic_isr_register.o)
 .debug_line    0x000047de      0x390 ../systemesolaire_cpu0_bsp/\libhal_bsp.a(alt_io_redirect.o)
 .debug_line    0x00004b6e       0x6b ../systemesolaire_cpu0_bsp/\libhal_bsp.a(alt_irq_entry.o)
 .debug_line    0x00004bd9      0x265 ../systemesolaire_cpu0_bsp/\libhal_bsp.a(alt_irq_handler.o)
 .debug_line    0x00004e3e       0x72 ../systemesolaire_cpu0_bsp/\libhal_bsp.a(alt_irq_vars.o)
 .debug_line    0x00004eb0      0x32e ../systemesolaire_cpu0_bsp/\libhal_bsp.a(alt_open.o)
 .debug_line    0x000051de      0x105 ../systemesolaire_cpu0_bsp/\libhal_bsp.a(alt_release_fd.o)
 .debug_line    0x000052e3      0x1ce ../systemesolaire_cpu0_bsp/\libhal_bsp.a(altera_nios2_qsys_irq.o)
 .debug_line    0x000054b1       0xab ../systemesolaire_cpu0_bsp/\libhal_bsp.a(alt_exception_entry.o)
 .debug_line    0x0000555c      0x275 ../systemesolaire_cpu0_bsp/\libhal_bsp.a(alt_find_dev.o)
 .debug_line    0x000057d1      0x294 ../systemesolaire_cpu0_bsp/\libhal_bsp.a(alt_find_file.o)
 .debug_line    0x00005a65      0x2b3 ../systemesolaire_cpu0_bsp/\libhal_bsp.a(alt_get_fd.o)
 .debug_line    0x00005d18      0x1e9 ../systemesolaire_cpu0_bsp/\libhal_bsp.a(alt_icache_flush.o)
 .debug_line    0x00005f01      0x1e2 c:/altera/13.0sp1/nios2eds/bin/gnu/h-i686-mingw32/bin/../lib/gcc/nios2-elf/4.1.2/../../../../nios2-elf/lib/pg\libc.a(lib_a-int_errno.o)
 .debug_line    0x000060e3      0x2aa c:/altera/13.0sp1/nios2eds/bin/gnu/h-i686-mingw32/bin/../lib/gcc/nios2-elf/4.1.2/../../../../nios2-elf/lib/pg\libc.a(lib_a-memcmp.o)
 .debug_line    0x0000638d      0x1af c:/altera/13.0sp1/nios2eds/bin/gnu/h-i686-mingw32/bin/../lib/gcc/nios2-elf/4.1.2/../../../../nios2-elf/lib/pg\libc.a(lib_a-memcpy.o)
 .debug_line    0x0000653c      0x304 c:/altera/13.0sp1/nios2eds/bin/gnu/h-i686-mingw32/bin/../lib/gcc/nios2-elf/4.1.2/../../../../nios2-elf/lib/pg\libc.a(lib_a-memset.o)
 .debug_line    0x00006840      0x270 c:/altera/13.0sp1/nios2eds/bin/gnu/h-i686-mingw32/bin/../lib/gcc/nios2-elf/4.1.2/../../../../nios2-elf/lib/pg\libc.a(lib_a-strlen.o)

.debug_frame    0x00000000      0x6ac
 *(.debug_frame)
 .debug_frame   0x00000000       0x28 c:/altera/13.0sp1/nios2eds/bin/gnu/h-i686-mingw32/bin/../lib/gcc/nios2-elf/4.1.2/../../../../nios2-elf/lib/pg\libc.a(lib_a-exit.o)
 .debug_frame   0x00000028       0x48 c:/altera/13.0sp1/nios2eds/bin/gnu/h-i686-mingw32/bin/../lib/gcc/nios2-elf/4.1.2/../../../../nios2-elf/lib/pg\libc.a(lib_a-__call_atexit.o)
 .debug_frame   0x00000070       0x20 ../systemesolaire_cpu0_bsp/\libhal_bsp.a(alt_exit.o)
 .debug_frame   0x00000090       0x44 ../systemesolaire_cpu0_bsp/\libhal_bsp.a(alt_gmon.o)
 .debug_frame   0x000000d4       0x28 ../systemesolaire_cpu0_bsp/\libhal_bsp.a(alt_load.o)
 .debug_frame   0x000000fc       0x28 ../systemesolaire_cpu0_bsp/\libhal_bsp.a(alt_main.o)
 .debug_frame   0x00000124       0x40 ../systemesolaire_cpu0_bsp/\libhal_bsp.a(alt_mcount.o)
 .debug_frame   0x00000164       0x20 ../systemesolaire_cpu0_bsp/\libhal_bsp.a(alt_sbrk.o)
 .debug_frame   0x00000184       0x3c ../systemesolaire_cpu0_bsp/\libhal_bsp.a(alt_tick.o)
 .debug_frame   0x000001c0       0x40 ../systemesolaire_cpu0_bsp/\libhal_bsp.a(alt_sys_init.o)
 .debug_frame   0x00000200       0x50 ../systemesolaire_cpu0_bsp/\libhal_bsp.a(altera_avalon_jtag_uart_fd.o)
 .debug_frame   0x00000250       0x58 ../systemesolaire_cpu0_bsp/\libhal_bsp.a(altera_avalon_jtag_uart_init.o)
 .debug_frame   0x000002a8       0x20 ../systemesolaire_cpu0_bsp/\libhal_bsp.a(altera_avalon_jtag_uart_ioctl.o)
 .debug_frame   0x000002c8       0x38 ../systemesolaire_cpu0_bsp/\libhal_bsp.a(altera_avalon_jtag_uart_read.o)
 .debug_frame   0x00000300       0x38 ../systemesolaire_cpu0_bsp/\libhal_bsp.a(altera_avalon_jtag_uart_write.o)
 .debug_frame   0x00000338       0x40 ../systemesolaire_cpu0_bsp/\libhal_bsp.a(altera_avalon_timer_sc.o)
 .debug_frame   0x00000378       0x20 ../systemesolaire_cpu0_bsp/\libhal_bsp.a(alt_alarm_start.o)
 .debug_frame   0x00000398       0x2c ../systemesolaire_cpu0_bsp/\libhal_bsp.a(alt_close.o)
 .debug_frame   0x000003c4       0x20 ../systemesolaire_cpu0_bsp/\libhal_bsp.a(alt_dcache_flush_all.o)
 .debug_frame   0x000003e4       0x20 ../systemesolaire_cpu0_bsp/\libhal_bsp.a(alt_dev.o)
 .debug_frame   0x00000404       0x28 ../systemesolaire_cpu0_bsp/\libhal_bsp.a(alt_dev_llist_insert.o)
 .debug_frame   0x0000042c       0x20 ../systemesolaire_cpu0_bsp/\libhal_bsp.a(alt_icache_flush_all.o)
 .debug_frame   0x0000044c       0x50 ../systemesolaire_cpu0_bsp/\libhal_bsp.a(alt_iic.o)
 .debug_frame   0x0000049c       0x28 ../systemesolaire_cpu0_bsp/\libhal_bsp.a(alt_iic_isr_register.o)
 .debug_frame   0x000004c4       0x2c ../systemesolaire_cpu0_bsp/\libhal_bsp.a(alt_io_redirect.o)
 .debug_frame   0x000004f0       0x28 ../systemesolaire_cpu0_bsp/\libhal_bsp.a(alt_irq_handler.o)
 .debug_frame   0x00000518       0x34 ../systemesolaire_cpu0_bsp/\libhal_bsp.a(alt_open.o)
 .debug_frame   0x0000054c       0x20 ../systemesolaire_cpu0_bsp/\libhal_bsp.a(alt_release_fd.o)
 .debug_frame   0x0000056c       0x20 ../systemesolaire_cpu0_bsp/\libhal_bsp.a(altera_nios2_qsys_irq.o)
 .debug_frame   0x0000058c       0x30 ../systemesolaire_cpu0_bsp/\libhal_bsp.a(alt_find_dev.o)
 .debug_frame   0x000005bc       0x30 ../systemesolaire_cpu0_bsp/\libhal_bsp.a(alt_find_file.o)
 .debug_frame   0x000005ec       0x20 ../systemesolaire_cpu0_bsp/\libhal_bsp.a(alt_get_fd.o)
 .debug_frame   0x0000060c       0x20 ../systemesolaire_cpu0_bsp/\libhal_bsp.a(alt_icache_flush.o)
 .debug_frame   0x0000062c       0x20 c:/altera/13.0sp1/nios2eds/bin/gnu/h-i686-mingw32/bin/../lib/gcc/nios2-elf/4.1.2/../../../../nios2-elf/lib/pg\libc.a(lib_a-memcmp.o)
 .debug_frame   0x0000064c       0x20 c:/altera/13.0sp1/nios2eds/bin/gnu/h-i686-mingw32/bin/../lib/gcc/nios2-elf/4.1.2/../../../../nios2-elf/lib/pg\libc.a(lib_a-memcpy.o)
 .debug_frame   0x0000066c       0x20 c:/altera/13.0sp1/nios2eds/bin/gnu/h-i686-mingw32/bin/../lib/gcc/nios2-elf/4.1.2/../../../../nios2-elf/lib/pg\libc.a(lib_a-memset.o)
 .debug_frame   0x0000068c       0x20 c:/altera/13.0sp1/nios2eds/bin/gnu/h-i686-mingw32/bin/../lib/gcc/nios2-elf/4.1.2/../../../../nios2-elf/lib/pg\libc.a(lib_a-strlen.o)

.debug_str      0x00000000     0x1629
 *(.debug_str)
 .debug_str     0x00000000      0x486 c:/altera/13.0sp1/nios2eds/bin/gnu/h-i686-mingw32/bin/../lib/gcc/nios2-elf/4.1.2/../../../../nios2-elf/lib/pg\libc.a(lib_a-exit.o)
                                0x512 (size before relaxing)
 .debug_str     0x00000486       0xd7 c:/altera/13.0sp1/nios2eds/bin/gnu/h-i686-mingw32/bin/../lib/gcc/nios2-elf/4.1.2/../../../../nios2-elf/lib/pg\libc.a(lib_a-impure.o)
                                0x520 (size before relaxing)
 .debug_str     0x0000055d       0x7e c:/altera/13.0sp1/nios2eds/bin/gnu/h-i686-mingw32/bin/../lib/gcc/nios2-elf/4.1.2/../../../../nios2-elf/lib/pg\libc.a(lib_a-__call_atexit.o)
                                0x554 (size before relaxing)
 .debug_str     0x000005db       0x75 ../systemesolaire_cpu0_bsp/\libhal_bsp.a(alt_exit.o)
                                0x110 (size before relaxing)
 .debug_str     0x00000650      0x1f2 ../systemesolaire_cpu0_bsp/\libhal_bsp.a(alt_gmon.o)
                                0x314 (size before relaxing)
 .debug_str     0x00000842       0xe9 ../systemesolaire_cpu0_bsp/\libhal_bsp.a(alt_load.o)
                                0x1c3 (size before relaxing)
 .debug_str     0x0000092b       0x51 ../systemesolaire_cpu0_bsp/\libhal_bsp.a(alt_main.o)
                                0x14e (size before relaxing)
 .debug_str     0x0000097c       0x6b ../systemesolaire_cpu0_bsp/\libhal_bsp.a(alt_sbrk.o)
                                0x185 (size before relaxing)
 .debug_str     0x000009e7       0x59 ../systemesolaire_cpu0_bsp/\libhal_bsp.a(alt_tick.o)
                                0x203 (size before relaxing)
 .debug_str     0x00000a40      0x18b ../systemesolaire_cpu0_bsp/\libhal_bsp.a(alt_sys_init.o)
                                0x333 (size before relaxing)
 .debug_str     0x00000bcb       0xb9 ../systemesolaire_cpu0_bsp/\libhal_bsp.a(altera_avalon_jtag_uart_fd.o)
                                0x355 (size before relaxing)
 .debug_str     0x00000c84       0xbc ../systemesolaire_cpu0_bsp/\libhal_bsp.a(altera_avalon_jtag_uart_init.o)
                                0x2e9 (size before relaxing)
 .debug_str     0x00000d40       0x4a ../systemesolaire_cpu0_bsp/\libhal_bsp.a(altera_avalon_jtag_uart_ioctl.o)
                                0x244 (size before relaxing)
 .debug_str     0x00000d8a       0x48 ../systemesolaire_cpu0_bsp/\libhal_bsp.a(altera_avalon_jtag_uart_read.o)
                                0x299 (size before relaxing)
 .debug_str     0x00000dd2       0x4a ../systemesolaire_cpu0_bsp/\libhal_bsp.a(altera_avalon_jtag_uart_write.o)
                                0x29a (size before relaxing)
 .debug_str     0x00000e1c       0x6d ../systemesolaire_cpu0_bsp/\libhal_bsp.a(altera_avalon_timer_sc.o)
                                0x1f5 (size before relaxing)
 .debug_str     0x00000e89       0x27 ../systemesolaire_cpu0_bsp/\libhal_bsp.a(altera_avalon_timer_vars.o)
                                0x16a (size before relaxing)
 .debug_str     0x00000eb0       0x4a ../systemesolaire_cpu0_bsp/\libhal_bsp.a(alt_alarm_start.o)
                                0x22f (size before relaxing)
 .debug_str     0x00000efa       0x44 ../systemesolaire_cpu0_bsp/\libhal_bsp.a(alt_close.o)
                                0x1bc (size before relaxing)
 .debug_str     0x00000f3e       0x34 ../systemesolaire_cpu0_bsp/\libhal_bsp.a(alt_dcache_flush_all.o)
                                0x106 (size before relaxing)
 .debug_str     0x00000f72      0x120 ../systemesolaire_cpu0_bsp/\libhal_bsp.a(alt_dev.o)
                                0x2b6 (size before relaxing)
 .debug_str     0x00001092       0x42 ../systemesolaire_cpu0_bsp/\libhal_bsp.a(alt_dev_llist_insert.o)
                                0x17d (size before relaxing)
 .debug_str     0x000010d4       0x14 ../systemesolaire_cpu0_bsp/\libhal_bsp.a(alt_errno.o)
                                 0xf6 (size before relaxing)
 .debug_str     0x000010e8       0x34 ../systemesolaire_cpu0_bsp/\libhal_bsp.a(alt_icache_flush_all.o)
                                0x106 (size before relaxing)
 .debug_str     0x0000111c       0xc4 ../systemesolaire_cpu0_bsp/\libhal_bsp.a(alt_iic.o)
                                0x1ef (size before relaxing)
 .debug_str     0x000011e0       0x4c ../systemesolaire_cpu0_bsp/\libhal_bsp.a(alt_iic_isr_register.o)
                                0x199 (size before relaxing)
 .debug_str     0x0000122c       0x56 ../systemesolaire_cpu0_bsp/\libhal_bsp.a(alt_io_redirect.o)
                                0x2c7 (size before relaxing)
 .debug_str     0x00001282       0x3a ../systemesolaire_cpu0_bsp/\libhal_bsp.a(alt_irq_handler.o)
                                0x148 (size before relaxing)
 .debug_str     0x000012bc       0x17 ../systemesolaire_cpu0_bsp/\libhal_bsp.a(alt_irq_vars.o)
                                0x100 (size before relaxing)
 .debug_str     0x000012d3       0x2f ../systemesolaire_cpu0_bsp/\libhal_bsp.a(alt_open.o)
                                0x1fc (size before relaxing)
 .debug_str     0x00001302       0x28 ../systemesolaire_cpu0_bsp/\libhal_bsp.a(alt_release_fd.o)
                                0x199 (size before relaxing)
 .debug_str     0x0000132a       0x3b ../systemesolaire_cpu0_bsp/\libhal_bsp.a(altera_nios2_qsys_irq.o)
                                0x10d (size before relaxing)
 .debug_str     0x00001365       0x24 ../systemesolaire_cpu0_bsp/\libhal_bsp.a(alt_find_dev.o)
                                0x19d (size before relaxing)
 .debug_str     0x00001389       0x26 ../systemesolaire_cpu0_bsp/\libhal_bsp.a(alt_find_file.o)
                                0x1ab (size before relaxing)
 .debug_str     0x000013af       0x30 ../systemesolaire_cpu0_bsp/\libhal_bsp.a(alt_get_fd.o)
                                0x1cd (size before relaxing)
 .debug_str     0x000013df       0x2c ../systemesolaire_cpu0_bsp/\libhal_bsp.a(alt_icache_flush.o)
                                0x10c (size before relaxing)
 .debug_str     0x0000140b       0x40 c:/altera/13.0sp1/nios2eds/bin/gnu/h-i686-mingw32/bin/../lib/gcc/nios2-elf/4.1.2/../../../../nios2-elf/lib/pg\libc.a(lib_a-int_errno.o)
                                0x169 (size before relaxing)
 .debug_str     0x0000144b       0xdb c:/altera/13.0sp1/nios2eds/bin/gnu/h-i686-mingw32/bin/../lib/gcc/nios2-elf/4.1.2/../../../../nios2-elf/lib/pg\libc.a(lib_a-memcmp.o)
                                0x170 (size before relaxing)
 .debug_str     0x00001526       0x6c c:/altera/13.0sp1/nios2eds/bin/gnu/h-i686-mingw32/bin/../lib/gcc/nios2-elf/4.1.2/../../../../nios2-elf/lib/pg\libc.a(lib_a-memcpy.o)
                                0x12e (size before relaxing)
 .debug_str     0x00001592       0x52 c:/altera/13.0sp1/nios2eds/bin/gnu/h-i686-mingw32/bin/../lib/gcc/nios2-elf/4.1.2/../../../../nios2-elf/lib/pg\libc.a(lib_a-memset.o)
                                0x184 (size before relaxing)
 .debug_str     0x000015e4       0x45 c:/altera/13.0sp1/nios2eds/bin/gnu/h-i686-mingw32/bin/../lib/gcc/nios2-elf/4.1.2/../../../../nios2-elf/lib/pg\libc.a(lib_a-strlen.o)
                                0x183 (size before relaxing)

.debug_loc      0x00000000     0x1782
 *(.debug_loc)
 .debug_loc     0x00000000       0x3d c:/altera/13.0sp1/nios2eds/bin/gnu/h-i686-mingw32/bin/../lib/gcc/nios2-elf/4.1.2/../../../../nios2-elf/lib/pg\libc.a(lib_a-exit.o)
 .debug_loc     0x0000003d      0x1cb c:/altera/13.0sp1/nios2eds/bin/gnu/h-i686-mingw32/bin/../lib/gcc/nios2-elf/4.1.2/../../../../nios2-elf/lib/pg\libc.a(lib_a-__call_atexit.o)
 .debug_loc     0x00000208       0x3c ../systemesolaire_cpu0_bsp/\libhal_bsp.a(alt_exit.o)
 .debug_loc     0x00000244      0x164 ../systemesolaire_cpu0_bsp/\libhal_bsp.a(alt_gmon.o)
 .debug_loc     0x000003a8       0xeb ../systemesolaire_cpu0_bsp/\libhal_bsp.a(alt_load.o)
 .debug_loc     0x00000493       0x1f ../systemesolaire_cpu0_bsp/\libhal_bsp.a(alt_main.o)
 .debug_loc     0x000004b2       0x13 ../systemesolaire_cpu0_bsp/\libhal_bsp.a(alt_sbrk.o)
 .debug_loc     0x000004c5       0xa5 ../systemesolaire_cpu0_bsp/\libhal_bsp.a(alt_tick.o)
 .debug_loc     0x0000056a       0x51 ../systemesolaire_cpu0_bsp/\libhal_bsp.a(alt_sys_init.o)
 .debug_loc     0x000005bb       0xbe ../systemesolaire_cpu0_bsp/\libhal_bsp.a(altera_avalon_jtag_uart_fd.o)
 .debug_loc     0x00000679      0x11a ../systemesolaire_cpu0_bsp/\libhal_bsp.a(altera_avalon_jtag_uart_init.o)
 .debug_loc     0x00000793       0x65 ../systemesolaire_cpu0_bsp/\libhal_bsp.a(altera_avalon_jtag_uart_ioctl.o)
 .debug_loc     0x000007f8      0x22b ../systemesolaire_cpu0_bsp/\libhal_bsp.a(altera_avalon_jtag_uart_read.o)
 .debug_loc     0x00000a23      0x201 ../systemesolaire_cpu0_bsp/\libhal_bsp.a(altera_avalon_jtag_uart_write.o)
 .debug_loc     0x00000c24       0xdc ../systemesolaire_cpu0_bsp/\libhal_bsp.a(altera_avalon_timer_sc.o)
 .debug_loc     0x00000d00       0x65 ../systemesolaire_cpu0_bsp/\libhal_bsp.a(alt_alarm_start.o)
 .debug_loc     0x00000d65       0xdc ../systemesolaire_cpu0_bsp/\libhal_bsp.a(alt_close.o)
 .debug_loc     0x00000e41       0x5b ../systemesolaire_cpu0_bsp/\libhal_bsp.a(alt_dev_llist_insert.o)
 .debug_loc     0x00000e9c       0x72 ../systemesolaire_cpu0_bsp/\libhal_bsp.a(alt_iic.o)
 .debug_loc     0x00000f0e       0xde ../systemesolaire_cpu0_bsp/\libhal_bsp.a(alt_iic_isr_register.o)
 .debug_loc     0x00000fec       0xff ../systemesolaire_cpu0_bsp/\libhal_bsp.a(alt_io_redirect.o)
 .debug_loc     0x000010eb       0x6e ../systemesolaire_cpu0_bsp/\libhal_bsp.a(alt_irq_handler.o)
 .debug_loc     0x00001159      0x1f3 ../systemesolaire_cpu0_bsp/\libhal_bsp.a(alt_open.o)
 .debug_loc     0x0000134c       0x8f ../systemesolaire_cpu0_bsp/\libhal_bsp.a(alt_find_dev.o)
 .debug_loc     0x000013db       0xb0 ../systemesolaire_cpu0_bsp/\libhal_bsp.a(alt_find_file.o)
 .debug_loc     0x0000148b       0x29 ../systemesolaire_cpu0_bsp/\libhal_bsp.a(alt_get_fd.o)
 .debug_loc     0x000014b4       0x13 ../systemesolaire_cpu0_bsp/\libhal_bsp.a(alt_icache_flush.o)
 .debug_loc     0x000014c7      0x114 c:/altera/13.0sp1/nios2eds/bin/gnu/h-i686-mingw32/bin/../lib/gcc/nios2-elf/4.1.2/../../../../nios2-elf/lib/pg\libc.a(lib_a-memcmp.o)
 .debug_loc     0x000015db       0xca c:/altera/13.0sp1/nios2eds/bin/gnu/h-i686-mingw32/bin/../lib/gcc/nios2-elf/4.1.2/../../../../nios2-elf/lib/pg\libc.a(lib_a-memcpy.o)
 .debug_loc     0x000016a5       0xa1 c:/altera/13.0sp1/nios2eds/bin/gnu/h-i686-mingw32/bin/../lib/gcc/nios2-elf/4.1.2/../../../../nios2-elf/lib/pg\libc.a(lib_a-memset.o)
 .debug_loc     0x00001746       0x3c c:/altera/13.0sp1/nios2eds/bin/gnu/h-i686-mingw32/bin/../lib/gcc/nios2-elf/4.1.2/../../../../nios2-elf/lib/pg\libc.a(lib_a-strlen.o)

.debug_macinfo
 *(.debug_macinfo)

.debug_weaknames
 *(.debug_weaknames)

.debug_funcnames
 *(.debug_funcnames)

.debug_typenames
 *(.debug_typenames)

.debug_varnames
 *(.debug_varnames)

.debug_alt_sim_info
                0x00000000       0x30
 *(.debug_alt_sim_info)
 .debug_alt_sim_info
                0x00000000       0x30 ../systemesolaire_cpu0_bsp//obj/HAL/src/crt0.o
                0x01000000                __alt_data_end = 0x1000000
                0x01000000                PROVIDE (__alt_stack_pointer, __alt_data_end)
                0x00804f0c                PROVIDE (__alt_stack_limit, __alt_stack_base)
                0x00804f0c                PROVIDE (__alt_heap_start, end)
                0x01000000                PROVIDE (__alt_heap_limit, 0x1000000)
OUTPUT(systemesolaire_cpu0.elf elf32-littlenios2)

.debug_ranges   0x00000000      0x388
 .debug_ranges  0x00000000       0x20 ../systemesolaire_cpu0_bsp//obj/HAL/src/crt0.o
 .debug_ranges  0x00000020       0x18 c:/altera/13.0sp1/nios2eds/bin/gnu/h-i686-mingw32/bin/../lib/gcc/nios2-elf/4.1.2/../../../../nios2-elf/lib/pg\libc.a(lib_a-__call_atexit.o)
 .debug_ranges  0x00000038       0xf0 ../systemesolaire_cpu0_bsp/\libhal_bsp.a(alt_gmon.o)
 .debug_ranges  0x00000128       0x48 ../systemesolaire_cpu0_bsp/\libhal_bsp.a(alt_load.o)
 .debug_ranges  0x00000170       0x18 ../systemesolaire_cpu0_bsp/\libhal_bsp.a(alt_sys_init.o)
 .debug_ranges  0x00000188       0x30 ../systemesolaire_cpu0_bsp/\libhal_bsp.a(altera_avalon_jtag_uart_init.o)
 .debug_ranges  0x000001b8       0x18 ../systemesolaire_cpu0_bsp/\libhal_bsp.a(altera_avalon_jtag_uart_ioctl.o)
 .debug_ranges  0x000001d0       0x18 ../systemesolaire_cpu0_bsp/\libhal_bsp.a(altera_avalon_jtag_uart_read.o)
 .debug_ranges  0x000001e8       0x48 ../systemesolaire_cpu0_bsp/\libhal_bsp.a(altera_avalon_jtag_uart_write.o)
 .debug_ranges  0x00000230       0x18 ../systemesolaire_cpu0_bsp/\libhal_bsp.a(altera_avalon_timer_sc.o)
 .debug_ranges  0x00000248       0x30 ../systemesolaire_cpu0_bsp/\libhal_bsp.a(alt_close.o)
 .debug_ranges  0x00000278       0x18 ../systemesolaire_cpu0_bsp/\libhal_bsp.a(alt_dev_llist_insert.o)
 .debug_ranges  0x00000290       0x18 ../systemesolaire_cpu0_bsp/\libhal_bsp.a(alt_iic_isr_register.o)
 .debug_ranges  0x000002a8       0x30 ../systemesolaire_cpu0_bsp/\libhal_bsp.a(alt_io_redirect.o)
 .debug_ranges  0x000002d8       0x28 ../systemesolaire_cpu0_bsp/\libhal_bsp.a(alt_irq_entry.o)
 .debug_ranges  0x00000300       0x40 ../systemesolaire_cpu0_bsp/\libhal_bsp.a(alt_irq_handler.o)
 .debug_ranges  0x00000340       0x18 ../systemesolaire_cpu0_bsp/\libhal_bsp.a(alt_open.o)
 .debug_ranges  0x00000358       0x30 ../systemesolaire_cpu0_bsp/\libhal_bsp.a(alt_exception_entry.o)
